Archive member included to satisfy reference by file (symbol)

C:/Users/Chen1/Downloads/DWM1001-Real-Time-Localization-System/DWM1001-Real-Time-Localization-System/dwm-simple/../../lib/libdwm.a(ble-server.o)
                              C:/Users/Chen1/Downloads/DWM1001-Real-Time-Localization-System/DWM1001-Real-Time-Localization-System/dwm-simple/../../lib/dwm.o (ble_add_shell_cmds)
C:/Users/Chen1/Downloads/DWM1001-Real-Time-Localization-System/DWM1001-Real-Time-Localization-System/dwm-simple/../../lib/libdwm.a(ble_srv_common.o)
                              C:/Users/Chen1/Downloads/DWM1001-Real-Time-Localization-System/DWM1001-Real-Time-Localization-System/dwm-simple/../../lib/libdwm.a(ble-server.o) (ble_srv_is_notification_enabled)
C:/Users/Chen1/Downloads/DWM1001-Real-Time-Localization-System/DWM1001-Real-Time-Localization-System/dwm-simple/../../lib/libdwm.a(dw1000.o)
                              C:/Users/Chen1/Downloads/DWM1001-Real-Time-Localization-System/DWM1001-Real-Time-Localization-System/dwm-simple/../../lib/libdwm.a(ble-server.o) (dw_rand)
C:/Users/Chen1/Downloads/DWM1001-Real-Time-Localization-System/DWM1001-Real-Time-Localization-System/dwm-simple/../../lib/libdwm.a(dwm-math.o)
                              C:/Users/Chen1/Downloads/DWM1001-Real-Time-Localization-System/DWM1001-Real-Time-Localization-System/dwm-simple/../../lib/libdwm.a(dw1000.o) (flog10)
C:/Users/Chen1/Downloads/DWM1001-Real-Time-Localization-System/DWM1001-Real-Time-Localization-System/dwm-simple/../../lib/libdwm.a(dwm.o)
                              C:/Users/Chen1/Downloads/DWM1001-Real-Time-Localization-System/DWM1001-Real-Time-Localization-System/dwm-simple/output/compiler/dwm-simple.o (dwm_systime_us_get)
C:/Users/Chen1/Downloads/DWM1001-Real-Time-Localization-System/DWM1001-Real-Time-Localization-System/dwm-simple/../../lib/libdwm.a(env-tlv.o)
                              C:/Users/Chen1/Downloads/DWM1001-Real-Time-Localization-System/DWM1001-Real-Time-Localization-System/dwm-simple/../../lib/dwm.o (env_load)
C:/Users/Chen1/Downloads/DWM1001-Real-Time-Localization-System/DWM1001-Real-Time-Localization-System/dwm-simple/../../lib/libdwm.a(fwup.o)
                              C:/Users/Chen1/Downloads/DWM1001-Real-Time-Localization-System/DWM1001-Real-Time-Localization-System/dwm-simple/../../lib/libdwm.a(ble-server.o) (fwup_rcvr_in_progress)
C:/Users/Chen1/Downloads/DWM1001-Real-Time-Localization-System/DWM1001-Real-Time-Localization-System/dwm-simple/../../lib/libdwm.a(hal.o)
                              C:/Users/Chen1/Downloads/DWM1001-Real-Time-Localization-System/DWM1001-Real-Time-Localization-System/dwm-simple/../../lib/libdwm.a(dwm.o) (hal_factory_reset)
C:/Users/Chen1/Downloads/DWM1001-Real-Time-Localization-System/DWM1001-Real-Time-Localization-System/dwm-simple/../../lib/libdwm.a(nrf_drv_rng.o)
                              C:/Users/Chen1/Downloads/DWM1001-Real-Time-Localization-System/DWM1001-Real-Time-Localization-System/dwm-simple/../../lib/libdwm.a(hal.o) (nrf_drv_rng_init)
C:/Users/Chen1/Downloads/DWM1001-Real-Time-Localization-System/DWM1001-Real-Time-Localization-System/dwm-simple/../../lib/libdwm.a(pm.o)
                              C:/Users/Chen1/Downloads/DWM1001-Real-Time-Localization-System/DWM1001-Real-Time-Localization-System/dwm-simple/../../lib/libdwm.a(ble-server.o) (pm_sched_signal)
C:/Users/Chen1/Downloads/DWM1001-Real-Time-Localization-System/DWM1001-Real-Time-Localization-System/dwm-simple/../../lib/libdwm.a(process-api.o)
                              C:/Users/Chen1/Downloads/DWM1001-Real-Time-Localization-System/DWM1001-Real-Time-Localization-System/dwm-simple/../../lib/dwm.o (api_thread_start)
C:/Users/Chen1/Downloads/DWM1001-Real-Time-Localization-System/DWM1001-Real-Time-Localization-System/dwm-simple/../../lib/libdwm.a(process-ble.o)
                              C:/Users/Chen1/Downloads/DWM1001-Real-Time-Localization-System/DWM1001-Real-Time-Localization-System/dwm-simple/../../lib/libdwm.a(ble-server.o) (ble_server_evt_put)
C:/Users/Chen1/Downloads/DWM1001-Real-Time-Localization-System/DWM1001-Real-Time-Localization-System/dwm-simple/../../lib/libdwm.a(process-le.o)
                              C:/Users/Chen1/Downloads/DWM1001-Real-Time-Localization-System/DWM1001-Real-Time-Localization-System/dwm-simple/../../lib/dwm.o (le_init)
C:/Users/Chen1/Downloads/DWM1001-Real-Time-Localization-System/DWM1001-Real-Time-Localization-System/dwm-simple/../../lib/libdwm.a(process-pm.o)
                              C:/Users/Chen1/Downloads/DWM1001-Real-Time-Localization-System/DWM1001-Real-Time-Localization-System/dwm-simple/../../lib/dwm.o (hal_pm_init)
C:/Users/Chen1/Downloads/DWM1001-Real-Time-Localization-System/DWM1001-Real-Time-Localization-System/dwm-simple/../../lib/libdwm.a(process-svc.o)
                              C:/Users/Chen1/Downloads/DWM1001-Real-Time-Localization-System/DWM1001-Real-Time-Localization-System/dwm-simple/../../lib/dwm.o (svc_init)
[...]
Memory Configuration

Name             Origin             Length             Attributes
sram             0x200035e0         0x0000ba20
flash            0x00044000         0x0003c000
*default*        0x00000000         0xffffffff

Linker script and memory map

LOAD C:/Users/Chen1/Downloads/DWM1001-Real-Time-Localization-System/DWM1001-Real-Time-Localization-System/dwm-simple/../../lib\vectors.o
LOAD C:/Users/Chen1/Downloads/DWM1001-Real-Time-Localization-System/DWM1001-Real-Time-Localization-System/dwm-simple/output/compiler/dwm-simple.o
LOAD C:/Users/Chen1/Downloads/DWM1001-Real-Time-Localization-System/DWM1001-Real-Time-Localization-System/dwm-simple/../../lib/dwm.o
LOAD C:/Users/Chen1/Downloads/DWM1001-Real-Time-Localization-System/DWM1001-Real-Time-Localization-System/dwm-simple/../../lib/libdwm.a
LOAD c:/program files (x86)/gnu arm embedded toolchain/10 2021.10/bin/../lib/gcc/arm-none-eabi/10.3.1/../../../../arm-none-eabi/lib/thumb/v7e-m+fp/hard\libm.a
LOAD c:/program files (x86)/gnu arm embedded toolchain/10 2021.10/bin/../lib/gcc/arm-none-eabi/10.3.1/thumb/v7e-m+fp/hard\libgcc.a
LOAD c:/program files (x86)/gnu arm embedded toolchain/10 2021.10/bin/../lib/gcc/arm-none-eabi/10.3.1/../../../../arm-none-eabi/lib/thumb/v7e-m+fp/hard\libc.a
LOAD c:/program files (x86)/gnu arm embedded toolchain/10 2021.10/bin/../lib/gcc/arm-none-eabi/10.3.1/../../../../arm-none-eabi/lib/thumb/v7e-m+fp/hard\libnosys.a
LOAD C:/Users/Chen1/Downloads/DWM1001-Real-Time-Localization-System/DWM1001-Real-Time-Localization-System/dwm-simple/../../lib\extras.o
START GROUP
LOAD C:/Users/Chen1/Downloads/DWM1001-Real-Time-Localization-System/DWM1001-Real-Time-Localization-System/dwm-simple/../../lib\libtarget.a
LOAD c:/program files (x86)/gnu arm embedded toolchain/10 2021.10/bin/../lib/gcc/arm-none-eabi/10.3.1/thumb/v7e-m+fp/hard\libgcc.a
LOAD c:/program files (x86)/gnu arm embedded toolchain/10 2021.10/bin/../lib/gcc/arm-none-eabi/10.3.1/../../../../arm-none-eabi/lib/thumb/v7e-m+fp/hard\libsupc++.a
END GROUP

.debug_aranges  0x00000000       0x30
 *(.debug_aranges)
 .debug_aranges
                0x00000000       0x30 C:/Users/Chen1/Downloads/DWM1001-Real-Time-Localization-System/DWM1001-Real-Time-Localization-System/dwm-simple/output/compiler/dwm-simple.o

.debug_pubnames
 *(.debug_pubnames)

.debug_info     0x00000000      0x917
 *(.debug_info)
 .debug_info    0x00000000      0x917 C:/Users/Chen1/Downloads/DWM1001-Real-Time-Localization-System/DWM1001-Real-Time-Localization-System/dwm-simple/output/compiler/dwm-simple.o

.debug_abbrev   0x00000000      0x212
 *(.debug_abbrev)
 .debug_abbrev  0x00000000      0x212 C:/Users/Chen1/Downloads/DWM1001-Real-Time-Localization-System/DWM1001-Real-Time-Localization-System/dwm-simple/output/compiler/dwm-simple.o

.debug_line     0x00000000      0x62c
 *(.debug_line)
 .debug_line    0x00000000      0x62c C:/Users/Chen1/Downloads/DWM1001-Real-Time-Localization-System/DWM1001-Real-Time-Localization-System/dwm-simple/output/compiler/dwm-simple.o

.debug_frame    0x00000000     0x1ec0
 *(.debug_frame)
 .debug_frame   0x00000000       0x84 C:/Users/Chen1/Downloads/DWM1001-Real-Time-Localization-System/DWM1001-Real-Time-Localization-System/dwm-simple/output/compiler/dwm-simple.o
 .debug_frame   0x00000084       0x30 c:/program files (x86)/gnu arm embedded toolchain/10 2021.10/bin/../lib/gcc/arm-none-eabi/10.3.1/../../../../arm-none-eabi/lib/thumb/v7e-m+fp/hard\libm.a(lib_a-s_ceil.o)
 .debug_frame   0x000000b4       0x30 c:/program files (x86)/gnu arm embedded toolchain/10 2021.10/bin/../lib/gcc/arm-none-eabi/10.3.1/../../../../arm-none-eabi/lib/thumb/v7e-m+fp/hard\libm.a(lib_a-s_floor.o)
 .debug_frame   0x000000e4       0x48 c:/program files (x86)/gnu arm embedded toolchain/10 2021.10/bin/../lib/gcc/arm-none-eabi/10.3.1/../../../../arm-none-eabi/lib/thumb/v7e-m+fp/hard\libm.a(lib_a-w_sqrt.o)
 .debug_frame   0x0000012c       0x30 c:/program files (x86)/gnu arm embedded toolchain/10 2021.10/bin/../lib/gcc/arm-none-eabi/10.3.1/../../../../arm-none-eabi/lib/thumb/v7e-m+fp/hard\libm.a(lib_a-e_sqrt.o)
 .debug_frame   0x0000015c       0xac c:/program files (x86)/gnu arm embedded toolchain/10 2021.10/bin/../lib/gcc/arm-none-eabi/10.3.1/thumb/v7e-m+fp/hard\libgcc.a(_arm_addsubdf3.o)
 .debug_frame   0x00000208       0x50 c:/program files (x86)/gnu arm embedded toolchain/10 2021.10/bin/../lib/gcc/arm-none-eabi/10.3.1/thumb/v7e-m+fp/hard\libgcc.a(_arm_muldivdf3.o)
 .debug_frame   0x00000258       0xc4 c:/program files (x86)/gnu arm embedded toolchain/10 2021.10/bin/../lib/gcc/arm-none-eabi/10.3.1/thumb/v7e-m+fp/hard\libgcc.a(_arm_cmpdf2.o)
 .debug_frame   0x0000031c       0x20 c:/program files (x86)/gnu arm embedded toolchain/10 2021.10/bin/../lib/gcc/arm-none-eabi/10.3.1/thumb/v7e-m+fp/hard\libgcc.a(_arm_unorddf2.o)
 .debug_frame   0x0000033c       0x24 c:/program files (x86)/gnu arm embedded toolchain/10 2021.10/bin/../lib/gcc/arm-none-eabi/10.3.1/thumb/v7e-m+fp/hard\libgcc.a(_arm_fixdfsi.o)
 .debug_frame   0x00000360       0x24 c:/program files (x86)/gnu arm embedded toolchain/10 2021.10/bin/../lib/gcc/arm-none-eabi/10.3.1/thumb/v7e-m+fp/hard\libgcc.a(_arm_fixunsdfsi.o)
 .debug_frame   0x00000384       0x24 c:/program files (x86)/gnu arm embedded toolchain/10 2021.10/bin/../lib/gcc/arm-none-eabi/10.3.1/thumb/v7e-m+fp/hard\libgcc.a(_arm_truncdfsf2.o)
 .debug_frame   0x000003a8       0x4c c:/program files (x86)/gnu arm embedded toolchain/10 2021.10/bin/../lib/gcc/arm-none-eabi/10.3.1/thumb/v7e-m+fp/hard\libgcc.a(_arm_addsubsf3.o)
 .debug_frame   0x000003f4       0x44 c:/program files (x86)/gnu arm embedded toolchain/10 2021.10/bin/../lib/gcc/arm-none-eabi/10.3.1/thumb/v7e-m+fp/hard\libgcc.a(_aeabi_ldivmod.o)
 .debug_frame   0x00000438       0x2c c:/program files (x86)/gnu arm embedded toolchain/10 2021.10/bin/../lib/gcc/arm-none-eabi/10.3.1/thumb/v7e-m+fp/hard\libgcc.a(_aeabi_uldivmod.o)
 .debug_frame   0x00000464       0x2c c:/program files (x86)/gnu arm embedded toolchain/10 2021.10/bin/../lib/gcc/arm-none-eabi/10.3.1/thumb/v7e-m+fp/hard\libgcc.a(_fixunssfdi.o)
 .debug_frame   0x00000490       0x2c c:/program files (x86)/gnu arm embedded toolchain/10 2021.10/bin/../lib/gcc/arm-none-eabi/10.3.1/thumb/v7e-m+fp/hard\libgcc.a(_fixunsdfdi.o)
 .debug_frame   0x000004bc       0x34 c:/program files (x86)/gnu arm embedded toolchain/10 2021.10/bin/../lib/gcc/arm-none-eabi/10.3.1/thumb/v7e-m+fp/hard\libgcc.a(_udivmoddi4.o)
 .debug_frame   0x000004f0       0x30 c:/program files (x86)/gnu arm embedded toolchain/10 2021.10/bin/../lib/gcc/arm-none-eabi/10.3.1/../../../../arm-none-eabi/lib/thumb/v7e-m+fp/hard\libc.a(lib_a-atoi.o)
 .debug_frame   0x00000520       0x2c c:/program files (x86)/gnu arm embedded toolchain/10 2021.10/bin/../lib/gcc/arm-none-eabi/10.3.1/../../../../arm-none-eabi/lib/thumb/v7e-m+fp/hard\libc.a(lib_a-calloc.o)
 .debug_frame   0x0000054c       0x2c c:/program files (x86)/gnu arm embedded toolchain/10 2021.10/bin/../lib/gcc/arm-none-eabi/10.3.1/../../../../arm-none-eabi/lib/thumb/v7e-m+fp/hard\libc.a(lib_a-callocr.o)
 .debug_frame   0x00000578       0x20 c:/program files (x86)/gnu arm embedded toolchain/10 2021.10/bin/../lib/gcc/arm-none-eabi/10.3.1/../../../../arm-none-eabi/lib/thumb/v7e-m+fp/hard\libc.a(lib_a-errno.o)
 .debug_frame   0x00000598       0x70 c:/program files (x86)/gnu arm embedded toolchain/10 2021.10/bin/../lib/gcc/arm-none-eabi/10.3.1/../../../../arm-none-eabi/lib/thumb/v7e-m+fp/hard\libc.a(lib_a-fflush.o)
 .debug_frame   0x00000608      0x154 c:/program files (x86)/gnu arm embedded toolchain/10 2021.10/bin/../lib/gcc/arm-none-eabi/10.3.1/../../../../arm-none-eabi/lib/thumb/v7e-m+fp/hard\libc.a(lib_a-findfp.o)
 .debug_frame   0x0000075c       0x8c c:/program files (x86)/gnu arm embedded toolchain/10 2021.10/bin/../lib/gcc/arm-none-eabi/10.3.1/../../../../arm-none-eabi/lib/thumb/v7e-m+fp/hard\libc.a(lib_a-freer.o)
 .debug_frame   0x000007e8       0x54 c:/program files (x86)/gnu arm embedded toolchain/10 2021.10/bin/../lib/gcc/arm-none-eabi/10.3.1/../../../../arm-none-eabi/lib/thumb/v7e-m+fp/hard\libc.a(lib_a-fwalk.o)
 .debug_frame   0x0000083c       0xb0 c:/program files (x86)/gnu arm embedded toolchain/10 2021.10/bin/../lib/gcc/arm-none-eabi/10.3.1/../../../../arm-none-eabi/lib/thumb/v7e-m+fp/hard\libc.a(lib_a-lock.o)
 .debug_frame   0x000008ec       0x30 c:/program files (x86)/gnu arm embedded toolchain/10 2021.10/bin/../lib/gcc/arm-none-eabi/10.3.1/../../../../arm-none-eabi/lib/thumb/v7e-m+fp/hard\libc.a(lib_a-malloc.o)
 .debug_frame   0x0000091c       0x4c c:/program files (x86)/gnu arm embedded toolchain/10 2021.10/bin/../lib/gcc/arm-none-eabi/10.3.1/../../../../arm-none-eabi/lib/thumb/v7e-m+fp/hard\libc.a(lib_a-mallocr.o)
 .debug_frame   0x00000968       0x2c c:/program files (x86)/gnu arm embedded toolchain/10 2021.10/bin/../lib/gcc/arm-none-eabi/10.3.1/../../../../arm-none-eabi/lib/thumb/v7e-m+fp/hard\libc.a(lib_a-memcmp.o)
 .debug_frame   0x00000994       0x2c c:/program files (x86)/gnu arm embedded toolchain/10 2021.10/bin/../lib/gcc/arm-none-eabi/10.3.1/../../../../arm-none-eabi/lib/thumb/v7e-m+fp/hard\libc.a(lib_a-memset.o)
 .debug_frame   0x000009c0       0x30 c:/program files (x86)/gnu arm embedded toolchain/10 2021.10/bin/../lib/gcc/arm-none-eabi/10.3.1/../../../../arm-none-eabi/lib/thumb/v7e-m+fp/hard\libc.a(lib_a-mlock.o)
 .debug_frame   0x000009f0       0x8c c:/program files (x86)/gnu arm embedded toolchain/10 2021.10/bin/../lib/gcc/arm-none-eabi/10.3.1/../../../../arm-none-eabi/lib/thumb/v7e-m+fp/hard\libc.a(lib_a-mstats.o)
 .debug_frame   0x00000a7c       0x74 c:/program files (x86)/gnu arm embedded toolchain/10 2021.10/bin/../lib/gcc/arm-none-eabi/10.3.1/../../../../arm-none-eabi/lib/thumb/v7e-m+fp/hard\libc.a(lib_a-printf.o)
 .debug_frame   0x00000af0       0x30 c:/program files (x86)/gnu arm embedded toolchain/10 2021.10/bin/../lib/gcc/arm-none-eabi/10.3.1/../../../../arm-none-eabi/lib/thumb/v7e-m+fp/hard\libc.a(lib_a-putchar.o)
 .debug_frame   0x00000b20       0x4c c:/program files (x86)/gnu arm embedded toolchain/10 2021.10/bin/../lib/gcc/arm-none-eabi/10.3.1/../../../../arm-none-eabi/lib/thumb/v7e-m+fp/hard\libc.a(lib_a-puts.o)
 .debug_frame   0x00000b6c       0x2c c:/program files (x86)/gnu arm embedded toolchain/10 2021.10/bin/../lib/gcc/arm-none-eabi/10.3.1/../../../../arm-none-eabi/lib/thumb/v7e-m+fp/hard\libc.a(lib_a-sbrkr.o)
 .debug_frame   0x00000b98       0x94 c:/program files (x86)/gnu arm embedded toolchain/10 2021.10/bin/../lib/gcc/arm-none-eabi/10.3.1/../../../../arm-none-eabi/lib/thumb/v7e-m+fp/hard\libc.a(lib_a-snprintf.o)
 .debug_frame   0x00000c2c       0x8c c:/program files (x86)/gnu arm embedded toolchain/10 2021.10/bin/../lib/gcc/arm-none-eabi/10.3.1/../../../../arm-none-eabi/lib/thumb/v7e-m+fp/hard\libc.a(lib_a-stdio.o)
 .debug_frame   0x00000cb8       0x68 c:/program files (x86)/gnu arm embedded toolchain/10 2021.10/bin/../lib/gcc/arm-none-eabi/10.3.1/../../../../arm-none-eabi/lib/thumb/v7e-m+fp/hard\libc.a(lib_a-strcmp.o)
 .debug_frame   0x00000d20       0x38 c:/program files (x86)/gnu arm embedded toolchain/10 2021.10/bin/../lib/gcc/arm-none-eabi/10.3.1/../../../../arm-none-eabi/lib/thumb/v7e-m+fp/hard\libc.a(lib_a-strncmp.o)
 .debug_frame   0x00000d58       0x20 c:/program files (x86)/gnu arm embedded toolchain/10 2021.10/bin/../lib/gcc/arm-none-eabi/10.3.1/../../../../arm-none-eabi/lib/thumb/v7e-m+fp/hard\libc.a(lib_a-strnlen.o)
 .debug_frame   0x00000d78       0x20 c:/program files (x86)/gnu arm embedded toolchain/10 2021.10/bin/../lib/gcc/arm-none-eabi/10.3.1/../../../../arm-none-eabi/lib/thumb/v7e-m+fp/hard\libc.a(lib_a-strtok.o)
 .debug_frame   0x00000d98       0x50 c:/program files (x86)/gnu arm embedded toolchain/10 2021.10/bin/../lib/gcc/arm-none-eabi/10.3.1/../../../../arm-none-eabi/lib/thumb/v7e-m+fp/hard\libc.a(lib_a-strtok_r.o)
 .debug_frame   0x00000de8       0x80 c:/program files (x86)/gnu arm embedded toolchain/10 2021.10/bin/../lib/gcc/arm-none-eabi/10.3.1/../../../../arm-none-eabi/lib/thumb/v7e-m+fp/hard\libc.a(lib_a-strtol.o)
 .debug_frame   0x00000e68       0x7c c:/program files (x86)/gnu arm embedded toolchain/10 2021.10/bin/../lib/gcc/arm-none-eabi/10.3.1/../../../../arm-none-eabi/lib/thumb/v7e-m+fp/hard\libc.a(lib_a-strtoul.o)
 .debug_frame   0x00000ee4       0x7c c:/program files (x86)/gnu arm embedded toolchain/10 2021.10/bin/../lib/gcc/arm-none-eabi/10.3.1/../../../../arm-none-eabi/lib/thumb/v7e-m+fp/hard\libc.a(lib_a-svfprintf.o)
 .debug_frame   0x00000f60       0xe4 c:/program files (x86)/gnu arm embedded toolchain/10 2021.10/bin/../lib/gcc/arm-none-eabi/10.3.1/../../../../arm-none-eabi/lib/thumb/v7e-m+fp/hard\libc.a(lib_a-vfprintf.o)
 .debug_frame   0x00001044       0x2c c:/program files (x86)/gnu arm embedded toolchain/10 2021.10/bin/../lib/gcc/arm-none-eabi/10.3.1/../../../../arm-none-eabi/lib/thumb/v7e-m+fp/hard\libc.a(lib_a-writer.o)
 .debug_frame   0x00001070       0x2c c:/program files (x86)/gnu arm embedded toolchain/10 2021.10/bin/../lib/gcc/arm-none-eabi/10.3.1/../../../../arm-none-eabi/lib/thumb/v7e-m+fp/hard\libc.a(lib_a-wsetup.o)
 .debug_frame   0x0000109c       0x2c c:/program files (x86)/gnu arm embedded toolchain/10 2021.10/bin/../lib/gcc/arm-none-eabi/10.3.1/../../../../arm-none-eabi/lib/thumb/v7e-m+fp/hard\libc.a(lib_a-closer.o)
 .debug_frame   0x000010c8       0xdc c:/program files (x86)/gnu arm embedded toolchain/10 2021.10/bin/../lib/gcc/arm-none-eabi/10.3.1/../../../../arm-none-eabi/lib/thumb/v7e-m+fp/hard\libc.a(lib_a-dtoa.o)
 .debug_frame   0x000011a4       0x3c c:/program files (x86)/gnu arm embedded toolchain/10 2021.10/bin/../lib/gcc/arm-none-eabi/10.3.1/../../../../arm-none-eabi/lib/thumb/v7e-m+fp/hard\libc.a(lib_a-fclose.o)
 .debug_frame   0x000011e0       0x70 c:/program files (x86)/gnu arm embedded toolchain/10 2021.10/bin/../lib/gcc/arm-none-eabi/10.3.1/../../../../arm-none-eabi/lib/thumb/v7e-m+fp/hard\libc.a(lib_a-fiprintf.o)
 .debug_frame   0x00001250       0x64 c:/program files (x86)/gnu arm embedded toolchain/10 2021.10/bin/../lib/gcc/arm-none-eabi/10.3.1/../../../../arm-none-eabi/lib/thumb/v7e-m+fp/hard\libc.a(lib_a-fvwrite.o)
 .debug_frame   0x000012b4       0x40 c:/program files (x86)/gnu arm embedded toolchain/10 2021.10/bin/../lib/gcc/arm-none-eabi/10.3.1/../../../../arm-none-eabi/lib/thumb/v7e-m+fp/hard\libc.a(lib_a-localeconv.o)
 .debug_frame   0x000012f4       0x2c c:/program files (x86)/gnu arm embedded toolchain/10 2021.10/bin/../lib/gcc/arm-none-eabi/10.3.1/../../../../arm-none-eabi/lib/thumb/v7e-m+fp/hard\libc.a(lib_a-lseekr.o)
 .debug_frame   0x00001320       0x70 c:/program files (x86)/gnu arm embedded toolchain/10 2021.10/bin/../lib/gcc/arm-none-eabi/10.3.1/../../../../arm-none-eabi/lib/thumb/v7e-m+fp/hard\libc.a(lib_a-makebuf.o)
 .debug_frame   0x00001390       0x44 c:/program files (x86)/gnu arm embedded toolchain/10 2021.10/bin/../lib/gcc/arm-none-eabi/10.3.1/../../../../arm-none-eabi/lib/thumb/v7e-m+fp/hard\libc.a(lib_a-mallinfor.o)
 .debug_frame   0x000013d4       0x40 c:/program files (x86)/gnu arm embedded toolchain/10 2021.10/bin/../lib/gcc/arm-none-eabi/10.3.1/../../../../arm-none-eabi/lib/thumb/v7e-m+fp/hard\libc.a(lib_a-memmove.o)
 .debug_frame   0x00001414      0x280 c:/program files (x86)/gnu arm embedded toolchain/10 2021.10/bin/../lib/gcc/arm-none-eabi/10.3.1/../../../../arm-none-eabi/lib/thumb/v7e-m+fp/hard\libc.a(lib_a-mprec.o)
 .debug_frame   0x00001694       0x48 c:/program files (x86)/gnu arm embedded toolchain/10 2021.10/bin/../lib/gcc/arm-none-eabi/10.3.1/../../../../arm-none-eabi/lib/thumb/v7e-m+fp/hard\libc.a(lib_a-putc.o)
 .debug_frame   0x000016dc       0x2c c:/program files (x86)/gnu arm embedded toolchain/10 2021.10/bin/../lib/gcc/arm-none-eabi/10.3.1/../../../../arm-none-eabi/lib/thumb/v7e-m+fp/hard\libc.a(lib_a-readr.o)
 .debug_frame   0x00001708       0x48 c:/program files (x86)/gnu arm embedded toolchain/10 2021.10/bin/../lib/gcc/arm-none-eabi/10.3.1/../../../../arm-none-eabi/lib/thumb/v7e-m+fp/hard\libc.a(lib_a-reallocr.o)
 .debug_frame   0x00001750       0x64 c:/program files (x86)/gnu arm embedded toolchain/10 2021.10/bin/../lib/gcc/arm-none-eabi/10.3.1/../../../../arm-none-eabi/lib/thumb/v7e-m+fp/hard\libc.a(lib_a-reent.o)
 .debug_frame   0x000017b4       0x2c c:/program files (x86)/gnu arm embedded toolchain/10 2021.10/bin/../lib/gcc/arm-none-eabi/10.3.1/../../../../arm-none-eabi/lib/thumb/v7e-m+fp/hard\libc.a(lib_a-s_frexp.o)
 .debug_frame   0x000017e0       0x2c c:/program files (x86)/gnu arm embedded toolchain/10 2021.10/bin/../lib/gcc/arm-none-eabi/10.3.1/../../../../arm-none-eabi/lib/thumb/v7e-m+fp/hard\libc.a(lib_a-strncpy.o)
 .debug_frame   0x0000180c       0x88 c:/program files (x86)/gnu arm embedded toolchain/10 2021.10/bin/../lib/gcc/arm-none-eabi/10.3.1/../../../../arm-none-eabi/lib/thumb/v7e-m+fp/hard\libc.a(lib_a-svfiprintf.o)
 .debug_frame   0x00001894       0xf4 c:/program files (x86)/gnu arm embedded toolchain/10 2021.10/bin/../lib/gcc/arm-none-eabi/10.3.1/../../../../arm-none-eabi/lib/thumb/v7e-m+fp/hard\libc.a(lib_a-vfiprintf.o)
 .debug_frame   0x00001988       0x4c c:/program files (x86)/gnu arm embedded toolchain/10 2021.10/bin/../lib/gcc/arm-none-eabi/10.3.1/../../../../arm-none-eabi/lib/thumb/v7e-m+fp/hard\libc.a(lib_a-wbuf.o)
 .debug_frame   0x000019d4       0x40 c:/program files (x86)/gnu arm embedded toolchain/10 2021.10/bin/../lib/gcc/arm-none-eabi/10.3.1/../../../../arm-none-eabi/lib/thumb/v7e-m+fp/hard\libc.a(lib_a-assert.o)
 .debug_frame   0x00001a14       0x8c c:/program files (x86)/gnu arm embedded toolchain/10 2021.10/bin/../lib/gcc/arm-none-eabi/10.3.1/../../../../arm-none-eabi/lib/thumb/v7e-m+fp/hard\libc.a(lib_a-fputwc.o)
 .debug_frame   0x00001aa0       0x2c c:/program files (x86)/gnu arm embedded toolchain/10 2021.10/bin/../lib/gcc/arm-none-eabi/10.3.1/../../../../arm-none-eabi/lib/thumb/v7e-m+fp/hard\libc.a(lib_a-fstatr.o)
 .debug_frame   0x00001acc       0x2c c:/program files (x86)/gnu arm embedded toolchain/10 2021.10/bin/../lib/gcc/arm-none-eabi/10.3.1/../../../../arm-none-eabi/lib/thumb/v7e-m+fp/hard\libc.a(lib_a-isattyr.o)
 .debug_frame   0x00001af8       0x68 c:/program files (x86)/gnu arm embedded toolchain/10 2021.10/bin/../lib/gcc/arm-none-eabi/10.3.1/../../../../arm-none-eabi/lib/thumb/v7e-m+fp/hard\libc.a(lib_a-locale.o)
 .debug_frame   0x00001b60       0x4c c:/program files (x86)/gnu arm embedded toolchain/10 2021.10/bin/../lib/gcc/arm-none-eabi/10.3.1/../../../../arm-none-eabi/lib/thumb/v7e-m+fp/hard\libc.a(lib_a-mbtowc_r.o)
 .debug_frame   0x00001bac       0x60 c:/program files (x86)/gnu arm embedded toolchain/10 2021.10/bin/../lib/gcc/arm-none-eabi/10.3.1/../../../../arm-none-eabi/lib/thumb/v7e-m+fp/hard\libc.a(lib_a-wcrtomb.o)
 .debug_frame   0x00001c0c       0x3c c:/program files (x86)/gnu arm embedded toolchain/10 2021.10/bin/../lib/gcc/arm-none-eabi/10.3.1/../../../../arm-none-eabi/lib/thumb/v7e-m+fp/hard\libc.a(lib_a-wctomb_r.o)
 .debug_frame   0x00001c48       0x28 c:/program files (x86)/gnu arm embedded toolchain/10 2021.10/bin/../lib/gcc/arm-none-eabi/10.3.1/../../../../arm-none-eabi/lib/thumb/v7e-m+fp/hard\libc.a(lib_a-abort.o)
 .debug_frame   0x00001c70      0x114 c:/program files (x86)/gnu arm embedded toolchain/10 2021.10/bin/../lib/gcc/arm-none-eabi/10.3.1/../../../../arm-none-eabi/lib/thumb/v7e-m+fp/hard\libc.a(lib_a-signal.o)
 .debug_frame   0x00001d84       0x3c c:/program files (x86)/gnu arm embedded toolchain/10 2021.10/bin/../lib/gcc/arm-none-eabi/10.3.1/../../../../arm-none-eabi/lib/thumb/v7e-m+fp/hard\libc.a(lib_a-signalr.o)
 .debug_frame   0x00001dc0       0x20 c:/program files (x86)/gnu arm embedded toolchain/10 2021.10/bin/../lib/gcc/arm-none-eabi/10.3.1/../../../../arm-none-eabi/lib/thumb/v7e-m+fp/hard\libnosys.a(close.o)
 .debug_frame   0x00001de0       0x20 c:/program files (x86)/gnu arm embedded toolchain/10 2021.10/bin/../lib/gcc/arm-none-eabi/10.3.1/../../../../arm-none-eabi/lib/thumb/v7e-m+fp/hard\libnosys.a(fstat.o)
 .debug_frame   0x00001e00       0x20 c:/program files (x86)/gnu arm embedded toolchain/10 2021.10/bin/../lib/gcc/arm-none-eabi/10.3.1/../../../../arm-none-eabi/lib/thumb/v7e-m+fp/hard\libnosys.a(getpid.o)
 .debug_frame   0x00001e20       0x20 c:/program files (x86)/gnu arm embedded toolchain/10 2021.10/bin/../lib/gcc/arm-none-eabi/10.3.1/../../../../arm-none-eabi/lib/thumb/v7e-m+fp/hard\libnosys.a(isatty.o)
 .debug_frame   0x00001e40       0x20 c:/program files (x86)/gnu arm embedded toolchain/10 2021.10/bin/../lib/gcc/arm-none-eabi/10.3.1/../../../../arm-none-eabi/lib/thumb/v7e-m+fp/hard\libnosys.a(kill.o)
 .debug_frame   0x00001e60       0x20 c:/program files (x86)/gnu arm embedded toolchain/10 2021.10/bin/../lib/gcc/arm-none-eabi/10.3.1/../../../../arm-none-eabi/lib/thumb/v7e-m+fp/hard\libnosys.a(lseek.o)
 .debug_frame   0x00001e80       0x20 c:/program files (x86)/gnu arm embedded toolchain/10 2021.10/bin/../lib/gcc/arm-none-eabi/10.3.1/../../../../arm-none-eabi/lib/thumb/v7e-m+fp/hard\libnosys.a(_exit.o)
 .debug_frame   0x00001ea0       0x20 c:/program files (x86)/gnu arm embedded toolchain/10 2021.10/bin/../lib/gcc/arm-none-eabi/10.3.1/../../../../arm-none-eabi/lib/thumb/v7e-m+fp/hard\libsupc++.a(atexit_arm.o)

.debug_str      0x00000000      0x5ad
 *(.debug_str)
 .debug_str     0x00000000      0x5ad C:/Users/Chen1/Downloads/DWM1001-Real-Time-Localization-System/DWM1001-Real-Time-Localization-System/dwm-simple/output/compiler/dwm-simple.o
                                0x620 (size before relaxing)

.debug_loc
 *(.debug_loc)

.debug_macinfo
 *(.debug_macinfo)

.note.arm.ident
 *(.note.arm.ident)

/DISCARD/
 *(.fini_array*)

.rom_vectors    0x00044000        0x8
                0x00044000                __rom_vectors_vma = ABSOLUTE (.)
                0x00044000                . = .
 *(.vectors)
 .vectors       0x00044000        0x8 C:/Users/Chen1/Downloads/DWM1001-Real-Time-Localization-System/DWM1001-Real-Time-Localization-System/dwm-simple/../../lib\vectors.o
                0x00044000                __rom_vectors_lma = LOADADDR (.rom_vectors)

.rel.text
 *(.rel.text)
 *(.rel.text.*)
 *(.rel.gnu.linkonce.t*)

.rela.text
 *(.rela.text)
 *(.rela.text.*)
 *(.rela.gnu.linkonce.t*)

.rel.data
 *(.rel.data)
 *(.rel.data.*)
 *(.rel.gnu.linkonce.d*)

.rela.data
 *(.rela.data)
 *(.rela.data.*)
 *(.rela.gnu.linkonce.d*)

.rel.rodata
 *(.rel.rodata)
 *(.rel.rodata.*)
 *(.rel.gnu.linkonce.r*)

.rela.rodata
 *(.rela.rodata)
 *(.rela.rodata.*)
 *(.rela.gnu.linkonce.r*)

.rel.got
 *(.rel.got)

.rela.got
 *(.rela.got)

.rel.ctors
 *(.rel.ctors)

.rela.ctors
 *(.rela.ctors)

.rel.dtors
 *(.rel.dtors)

.rela.dtors
 *(.rela.dtors)

.rel.init
 *(.rel.init)

.rela.init
 *(.rela.init)

.rel.fini
 *(.rel.fini)

.rela.fini
 *(.rela.fini)

.rel.bss
 *(.rel.bss)

.rela.bss
 *(.rela.bss)

.rel.plt
 *(.rel.plt)

.rela.plt
 *(.rela.plt)

.rel.dyn        0x00044008        0x0
 *(.rel.dyn)
 .rel.iplt      0x00044008        0x0 C:/Users/Chen1/Downloads/DWM1001-Real-Time-Localization-System/DWM1001-Real-Time-Localization-System/dwm-simple/../../lib\vectors.o

.ARM.extab      0x00044008        0x0
                [!provide]                PROVIDE (__stext = ABSOLUTE (.))
                0x00044008                _stext = ABSOLUTE (.)
                0x00044008                . = .
 *(.ARM.extab* .gnu.linkonce.armextab.*)
                0x00044008                . = ALIGN (0x8)
                0x00044008                __exidx_start = ABSOLUTE (.)

.ARM.exidx      0x00044008        0x8
 *(.ARM.exidx* .gnu.linkonce.armexidx.*)
 .ARM.exidx     0x00044008        0x8 c:/program files (x86)/gnu arm embedded toolchain/10 2021.10/bin/../lib/gcc/arm-none-eabi/10.3.1/thumb/v7e-m+fp/hard\libgcc.a(_udivmoddi4.o)
 .ARM.exidx.text.__aeabi_atexit
                0x00044010        0x0 c:/program files (x86)/gnu arm embedded toolchain/10 2021.10/bin/../lib/gcc/arm-none-eabi/10.3.1/../../../../arm-none-eabi/lib/thumb/v7e-m+fp/hard\libsupc++.a(atexit_arm.o)
                                  0x8 (size before relaxing)
                0x00044010                . = .
                0x00044010                __exidx_end = ABSOLUTE (.)

.text           0x00044010    0x2bc00
 *(.text*)
 .text          0x00044010       0xec C:/Users/Chen1/Downloads/DWM1001-Real-Time-Localization-System/DWM1001-Real-Time-Localization-System/dwm-simple/../../lib\vectors.o
                0x00044010                reset_vector
                0x0004401c                hal_switch_state_vsr
                0x0004403c                hal_default_exception_vsr
                0x0004406e                hal_default_interrupt_vsr
                0x00044082                hal_pendable_svc_vsr
                0x000440a8                hal_interrupt_end_done
                0x000440ac                hal_interrupt_end_vsr
                0x000440ba                hal_call_dsrs_vsr
                0x000440be                hal_default_svc_vsr
                0x000440cc                hal_usagefault_exception_vsr
                0x000440f4                hal_boot_jump_asm
 .text.app_thread_entry
                0x000440fc      0x830 C:/Users/Chen1/Downloads/DWM1001-Real-Time-Localization-System/DWM1001-Real-Time-Localization-System/dwm-simple/output/compiler/dwm-simple.o
                0x000440fc                app_thread_entry
 .text.dwm_user_start
                0x0004492c       0x58 C:/Users/Chen1/Downloads/DWM1001-Real-Time-Localization-System/DWM1001-Real-Time-Localization-System/dwm-simple/output/compiler/dwm-simple.o
                0x0004492c                dwm_user_start
 .text.user_thread_create
                0x00044984       0x84 C:/Users/Chen1/Downloads/DWM1001-Real-Time-Localization-System/DWM1001-Real-Time-Localization-System/dwm-simple/../../lib/dwm.o
                0x00044984                user_thread_create
 .text.user_thread_resume
                0x00044a08       0x38 C:/Users/Chen1/Downloads/DWM1001-Real-Time-Localization-System/DWM1001-Real-Time-Localization-System/dwm-simple/../../lib/dwm.o
                0x00044a08                user_thread_resume
 .text.dwm_shell_add_commands
                0x00044a40       0x6c C:/Users/Chen1/Downloads/DWM1001-Real-Time-Localization-System/DWM1001-Real-Time-Localization-System/dwm-simple/../../lib/dwm.o
                0x00044a40                dwm_shell_add_commands
 .text.cyg_user_start
                0x00044aac      0x13c C:/Users/Chen1/Downloads/DWM1001-Real-Time-Localization-System/DWM1001-Real-Time-Localization-System/dwm-simple/../../lib/dwm.o
                0x00044aac                cyg_user_start
 .text.ble_adv_is_enabled
                0x00044be8        0xc C:/Users/Chen1/Downloads/DWM1001-Real-Time-Localization-System/DWM1001-Real-Time-Localization-System/dwm-simple/../../lib/libdwm.a(ble-server.o)
                0x00044be8                ble_adv_is_enabled
 .text.ble_add_shell_cmds
                0x00044bf4       0x10 C:/Users/Chen1/Downloads/DWM1001-Real-Time-Localization-System/DWM1001-Real-Time-Localization-System/dwm-simple/../../lib/libdwm.a(ble-server.o)
                0x00044bf4                ble_add_shell_cmds
 .text.ble_start
                0x00044c04       0x10 C:/Users/Chen1/Downloads/DWM1001-Real-Time-Localization-System/DWM1001-Real-Time-Localization-System/dwm-simple/../../lib/libdwm.a(ble-server.o)
                0x00044c04                ble_start
 .text.ble_stop
                0x00044c14       0x10 C:/Users/Chen1/Downloads/DWM1001-Real-Time-Localization-System/DWM1001-Real-Time-Localization-System/dwm-simple/../../lib/libdwm.a(ble-server.o)
                0x00044c14                ble_stop
 .text.ble_req_stop
                0x00044c24       0x10 C:/Users/Chen1/Downloads/DWM1001-Real-Time-Localization-System/DWM1001-Real-Time-Localization-System/dwm-simple/../../lib/libdwm.a(ble-server.o)
                0x00044c24                ble_req_stop
 .text.ble_stop_is_needed
                0x00044c34        0xc C:/Users/Chen1/Downloads/DWM1001-Real-Time-Localization-System/DWM1001-Real-Time-Localization-System/dwm-simple/../../lib/libdwm.a(ble-server.o)
                0x00044c34                ble_stop_is_needed
 .text.ble_autosuspend_disable
                0x00044c40        0xc C:/Users/Chen1/Downloads/DWM1001-Real-Time-Localization-System/DWM1001-Real-Time-Localization-System/dwm-simple/../../lib/libdwm.a(ble-server.o)
                0x00044c40                ble_autosuspend_disable
 .text.ble_autosuspend_enable
                0x00044c4c        0xc C:/Users/Chen1/Downloads/DWM1001-Real-Time-Localization-System/DWM1001-Real-Time-Localization-System/dwm-simple/../../lib/libdwm.a(ble-server.o)
                0x00044c4c                ble_autosuspend_enable
 .text.ble_label_set
                0x00044c58       0x10 C:/Users/Chen1/Downloads/DWM1001-Real-Time-Localization-System/DWM1001-Real-Time-Localization-System/dwm-simple/../../lib/libdwm.a(ble-server.o)
                0x00044c58                ble_label_set
 .text.ble_ur_set
                0x00044c68       0x10 C:/Users/Chen1/Downloads/DWM1001-Real-Time-Localization-System/DWM1001-Real-Time-Localization-System/dwm-simple/../../lib/libdwm.a(ble-server.o)
                0x00044c68                ble_ur_set
 .text.ble_pan_id_set
                0x00044c78       0x10 C:/Users/Chen1/Downloads/DWM1001-Real-Time-Localization-System/DWM1001-Real-Time-Localization-System/dwm-simple/../../lib/libdwm.a(ble-server.o)
                0x00044c78                ble_pan_id_set
 .text.ble_addr_set
                0x00044c88       0x14 C:/Users/Chen1/Downloads/DWM1001-Real-Time-Localization-System/DWM1001-Real-Time-Localization-System/dwm-simple/../../lib/libdwm.a(ble-server.o)
                0x00044c88                ble_addr_set
 .text.ble_addr_get
                0x00044c9c       0x14 C:/Users/Chen1/Downloads/DWM1001-Real-Time-Localization-System/DWM1001-Real-Time-Localization-System/dwm-simple/../../lib/libdwm.a(ble-server.o)
                0x00044c9c                ble_addr_get
 .text.ble_an_list_set
                0x00044cb0       0x10 C:/Users/Chen1/Downloads/DWM1001-Real-Time-Localization-System/DWM1001-Real-Time-Localization-System/dwm-simple/../../lib/libdwm.a(ble-server.o)
                0x00044cb0                ble_an_list_set
 .text.ble_mac_cl_info_set
                0x00044cc0       0x10 C:/Users/Chen1/Downloads/DWM1001-Real-Time-Localization-System/DWM1001-Real-Time-Localization-System/dwm-simple/../../lib/libdwm.a(ble-server.o)
                0x00044cc0                ble_mac_cl_info_set
 .text.ble_mac_stat_set
                0x00044cd0       0x10 C:/Users/Chen1/Downloads/DWM1001-Real-Time-Localization-System/DWM1001-Real-Time-Localization-System/dwm-simple/../../lib/libdwm.a(ble-server.o)
                0x00044cd0                ble_mac_stat_set
 .text.ble_proxy_set
                0x00044ce0       0x14 C:/Users/Chen1/Downloads/DWM1001-Real-Time-Localization-System/DWM1001-Real-Time-Localization-System/dwm-simple/../../lib/libdwm.a(ble-server.o)
                0x00044ce0                ble_proxy_set
 .text.ble_sys_info
                0x00044cf4       0x10 C:/Users/Chen1/Downloads/DWM1001-Real-Time-Localization-System/DWM1001-Real-Time-Localization-System/dwm-simple/../../lib/libdwm.a(ble-server.o)
                0x00044cf4                ble_sys_info
 *fill*         0x00044d04        0x4 
 .text.dw_usec_to_devt
                0x00044d08       0x20 C:/Users/Chen1/Downloads/DWM1001-Real-Time-Localization-System/DWM1001-Real-Time-Localization-System/dwm-simple/../../lib/libdwm.a(dw1000.o)
                0x00044d08                dw_usec_to_devt
 .text.dw_read_sys_time
                0x00044d28       0x40 C:/Users/Chen1/Downloads/DWM1001-Real-Time-Localization-System/DWM1001-Real-Time-Localization-System/dwm-simple/../../lib/libdwm.a(dw1000.o)
                0x00044d28                dw_read_sys_time
 .text.dw_rand  0x00044d68       0x18 C:/Users/Chen1/Downloads/DWM1001-Real-Time-Localization-System/DWM1001-Real-Time-Localization-System/dwm-simple/../../lib/libdwm.a(dw1000.o)
                0x00044d68                dw_rand
 .text.dw_near_timeout
                0x00044d80       0x50 C:/Users/Chen1/Downloads/DWM1001-Real-Time-Localization-System/DWM1001-Real-Time-Localization-System/dwm-simple/../../lib/libdwm.a(dw1000.o)
                0x00044d80                dw_near_timeout
 .text.dw_tx_reset
                0x00044dd0       0x3a C:/Users/Chen1/Downloads/DWM1001-Real-Time-Localization-System/DWM1001-Real-Time-Localization-System/dwm-simple/../../lib/libdwm.a(dw1000.o)
                0x00044dd0                dw_tx_reset
 .text.dw_buf_write
                0x00044e0a       0xd4 C:/Users/Chen1/Downloads/DWM1001-Real-Time-Localization-System/DWM1001-Real-Time-Localization-System/dwm-simple/../../lib/libdwm.a(dw1000.o)
                0x00044e0a                dw_buf_write
 .text.dw_buf_start
                0x00044ede       0x90 C:/Users/Chen1/Downloads/DWM1001-Real-Time-Localization-System/DWM1001-Real-Time-Localization-System/dwm-simple/../../lib/libdwm.a(dw1000.o)
                0x00044ede                dw_buf_start
 .text.dw_buf_await_send
                0x00044f6e       0x54 C:/Users/Chen1/Downloads/DWM1001-Real-Time-Localization-System/DWM1001-Real-Time-Localization-System/dwm-simple/../../lib/libdwm.a(dw1000.o)
                0x00044f6e                dw_buf_await_send
 .text.dw_buf_send
                0x00044fc2       0x1e C:/Users/Chen1/Downloads/DWM1001-Real-Time-Localization-System/DWM1001-Real-Time-Localization-System/dwm-simple/../../lib/libdwm.a(dw1000.o)
                0x00044fc2                dw_buf_send
 .text.dw_rx_on
                0x00044fe0       0x20 C:/Users/Chen1/Downloads/DWM1001-Real-Time-Localization-System/DWM1001-Real-Time-Localization-System/dwm-simple/../../lib/libdwm.a(dw1000.o)
                0x00044fe0                dw_rx_on
 .text.dw_rxto_on
                0x00045000       0x40 C:/Users/Chen1/Downloads/DWM1001-Real-Time-Localization-System/DWM1001-Real-Time-Localization-System/dwm-simple/../../lib/libdwm.a(dw1000.o)
                0x00045000                dw_rxto_on
 .text.dw_get_preamble_len
                0x00045040       0x18 C:/Users/Chen1/Downloads/DWM1001-Real-Time-Localization-System/DWM1001-Real-Time-Localization-System/dwm-simple/../../lib/libdwm.a(dw1000.o)
                0x00045040                dw_get_preamble_len
 .text.dw_get_frame_len
                0x00045058      0x124 C:/Users/Chen1/Downloads/DWM1001-Real-Time-Localization-System/DWM1001-Real-Time-Localization-System/dwm-simple/../../lib/libdwm.a(dw1000.o)
                0x00045058                dw_get_frame_len
 *fill*         0x0004517c        0x4 
 .text.dw_get_qf
                0x00045180      0x16c C:/Users/Chen1/Downloads/DWM1001-Real-Time-Localization-System/DWM1001-Real-Time-Localization-System/dwm-simple/../../lib/libdwm.a(dw1000.o)
                0x00045180                dw_get_qf
 *fill*         0x000452ec        0x4 
 .text.dw_get_rssi
                0x000452f0       0xb8 C:/Users/Chen1/Downloads/DWM1001-Real-Time-Localization-System/DWM1001-Real-Time-Localization-System/dwm-simple/../../lib/libdwm.a(dw1000.o)
                0x000452f0                dw_get_rssi
 .text.dw_set_ch_cfg
                0x000453a8        0xa C:/Users/Chen1/Downloads/DWM1001-Real-Time-Localization-System/DWM1001-Real-Time-Localization-System/dwm-simple/../../lib/libdwm.a(dw1000.o)
                0x000453a8                dw_set_ch_cfg
 .text.dw_set_tx_cfg
                0x000453b2       0x1a C:/Users/Chen1/Downloads/DWM1001-Real-Time-Localization-System/DWM1001-Real-Time-Localization-System/dwm-simple/../../lib/libdwm.a(dw1000.o)
                0x000453b2                dw_set_tx_cfg
 .text.dw_set_ant_tx_delay
                0x000453cc        0x8 C:/Users/Chen1/Downloads/DWM1001-Real-Time-Localization-System/DWM1001-Real-Time-Localization-System/dwm-simple/../../lib/libdwm.a(dw1000.o)
                0x000453cc                dw_set_ant_tx_delay
 .text.dw_get_temp
                0x000453d4       0x36 C:/Users/Chen1/Downloads/DWM1001-Real-Time-Localization-System/DWM1001-Real-Time-Localization-System/dwm-simple/../../lib/libdwm.a(dw1000.o)
                0x000453d4                dw_get_temp
 .text.dw_rsl_workaround
                0x0004540a       0x1c C:/Users/Chen1/Downloads/DWM1001-Real-Time-Localization-System/DWM1001-Real-Time-Localization-System/dwm-simple/../../lib/libdwm.a(dw1000.o)
                0x0004540a                dw_rsl_workaround
 *fill*         0x00045426        0x2 
 .text.dw_bw_txpwr_comp
                0x00045428      0x1f8 C:/Users/Chen1/Downloads/DWM1001-Real-Time-Localization-System/DWM1001-Real-Time-Localization-System/dwm-simple/../../lib/libdwm.a(dw1000.o)
                0x00045428                dw_bw_txpwr_comp
 .text.dw_tx_cb
                0x00045620       0x7c C:/Users/Chen1/Downloads/DWM1001-Real-Time-Localization-System/DWM1001-Real-Time-Localization-System/dwm-simple/../../lib/libdwm.a(dw1000.o)
                0x00045620                dw_tx_cb
 .text.dw_rx_cb
                0x0004569c      0x18a C:/Users/Chen1/Downloads/DWM1001-Real-Time-Localization-System/DWM1001-Real-Time-Localization-System/dwm-simple/../../lib/libdwm.a(dw1000.o)
                0x0004569c                dw_rx_cb
 .text.dw_sleep
                0x00045826       0x54 C:/Users/Chen1/Downloads/DWM1001-Real-Time-Localization-System/DWM1001-Real-Time-Localization-System/dwm-simple/../../lib/libdwm.a(dw1000.o)
                0x00045826                dw_sleep
 .text.dw_rxdata_read
                0x0004587a       0x10 C:/Users/Chen1/Downloads/DWM1001-Real-Time-Localization-System/DWM1001-Real-Time-Localization-System/dwm-simple/../../lib/libdwm.a(dw1000.o)
                0x0004587a                dw_rxdata_read
 *fill*         0x0004588a        0x2 
 .text.dw_init  0x0004588c       0xac C:/Users/Chen1/Downloads/DWM1001-Real-Time-Localization-System/DWM1001-Real-Time-Localization-System/dwm-simple/../../lib/libdwm.a(dw1000.o)
                0x0004588c                dw_init
 .text.dw_set_src_addr
                0x00045938       0x7a C:/Users/Chen1/Downloads/DWM1001-Real-Time-Localization-System/DWM1001-Real-Time-Localization-System/dwm-simple/../../lib/libdwm.a(dw1000.o)
                0x00045938                dw_set_src_addr
 .text.dw_get_src_addr
                0x000459b2        0xc C:/Users/Chen1/Downloads/DWM1001-Real-Time-Localization-System/DWM1001-Real-Time-Localization-System/dwm-simple/../../lib/libdwm.a(dw1000.o)
                0x000459b2                dw_get_src_addr
 .text.dw_get_event
                0x000459be       0x70 C:/Users/Chen1/Downloads/DWM1001-Real-Time-Localization-System/DWM1001-Real-Time-Localization-System/dwm-simple/../../lib/libdwm.a(dw1000.o)
                0x000459be                dw_get_event
 *fill*         0x00045a2e        0x2 
 .text.uwb_get_if
                0x00045a30       0x10 C:/Users/Chen1/Downloads/DWM1001-Real-Time-Localization-System/DWM1001-Real-Time-Localization-System/dwm-simple/../../lib/libdwm.a(dw1000.o)
                0x00045a30                uwb_get_if
 .text.dw1000_init
                0x00045a40       0xd8 C:/Users/Chen1/Downloads/DWM1001-Real-Time-Localization-System/DWM1001-Real-Time-Localization-System/dwm-simple/../../lib/libdwm.a(dw1000.o)
                0x00045a40                dw1000_init
 .text.dw_dump_cfg
                0x00045b18      0x278 C:/Users/Chen1/Downloads/DWM1001-Real-Time-Localization-System/DWM1001-Real-Time-Localization-System/dwm-simple/../../lib/libdwm.a(dw1000.o)
                0x00045b18                dw_dump_cfg
 .text.uwb_sys_info
                0x00045d90      0x100 C:/Users/Chen1/Downloads/DWM1001-Real-Time-Localization-System/DWM1001-Real-Time-Localization-System/dwm-simple/../../lib/libdwm.a(dw1000.o)
                0x00045d90                uwb_sys_info
 .text.fact     0x00045e90       0x12 C:/Users/Chen1/Downloads/DWM1001-Real-Time-Localization-System/DWM1001-Real-Time-Localization-System/dwm-simple/../../lib/libdwm.a(dwm-math.o)
                0x00045e90                fact
 *fill*         0x00045ea2        0x2 
 .text.flog10   0x00045ea4       0x28 C:/Users/Chen1/Downloads/DWM1001-Real-Time-Localization-System/DWM1001-Real-Time-Localization-System/dwm-simple/../../lib/libdwm.a(dwm-math.o)
                0x00045ea4                flog10
 .text.get_dist
                0x00045ecc       0xc4 C:/Users/Chen1/Downloads/DWM1001-Real-Time-Localization-System/DWM1001-Real-Time-Localization-System/dwm-simple/../../lib/libdwm.a(dwm-math.o)
                0x00045ecc                get_dist
 .text.dwm_thread_create
                0x00045f90       0x20 C:/Users/Chen1/Downloads/DWM1001-Real-Time-Localization-System/DWM1001-Real-Time-Localization-System/dwm-simple/../../lib/libdwm.a(dwm.o)
                0x00045f90                dwm_thread_create
 .text.dwm_thread_resume
                0x00045fb0       0x10 C:/Users/Chen1/Downloads/DWM1001-Real-Time-Localization-System/DWM1001-Real-Time-Localization-System/dwm-simple/../../lib/libdwm.a(dwm.o)
                0x00045fb0                dwm_thread_resume
 .text.dwm_ver_get
                0x00045fc0       0x4a C:/Users/Chen1/Downloads/DWM1001-Real-Time-Localization-System/DWM1001-Real-Time-Localization-System/dwm-simple/../../lib/libdwm.a(dwm.o)
                0x00045fc0                dwm_ver_get
 .text.dwm_cfg_anchor_set
                0x0004600a       0x52 C:/Users/Chen1/Downloads/DWM1001-Real-Time-Localization-System/DWM1001-Real-Time-Localization-System/dwm-simple/../../lib/libdwm.a(dwm.o)
                0x0004600a                dwm_cfg_anchor_set
 .text.dwm_cfg_tag_set
                0x0004605c       0x66 C:/Users/Chen1/Downloads/DWM1001-Real-Time-Localization-System/DWM1001-Real-Time-Localization-System/dwm-simple/../../lib/libdwm.a(dwm.o)
                0x0004605c                dwm_cfg_tag_set
 .text.dwm_cfg_get
                0x000460c2       0x72 C:/Users/Chen1/Downloads/DWM1001-Real-Time-Localization-System/DWM1001-Real-Time-Localization-System/dwm-simple/../../lib/libdwm.a(dwm.o)
                0x000460c2                dwm_cfg_get
 .text.dwm_pos_set
                0x00046134       0x2e C:/Users/Chen1/Downloads/DWM1001-Real-Time-Localization-System/DWM1001-Real-Time-Localization-System/dwm-simple/../../lib/libdwm.a(dwm.o)
                0x00046134                dwm_pos_set
 .text.dwm_pos_get
                0x00046162       0x36 C:/Users/Chen1/Downloads/DWM1001-Real-Time-Localization-System/DWM1001-Real-Time-Localization-System/dwm-simple/../../lib/libdwm.a(dwm.o)
                0x00046162                dwm_pos_get
 .text.dwm_loc_get
                0x00046198       0xee C:/Users/Chen1/Downloads/DWM1001-Real-Time-Localization-System/DWM1001-Real-Time-Localization-System/dwm-simple/../../lib/libdwm.a(dwm.o)
                0x00046198                dwm_loc_get
 .text.dwm_anchor_list_get
                0x00046286       0xb4 C:/Users/Chen1/Downloads/DWM1001-Real-Time-Localization-System/DWM1001-Real-Time-Localization-System/dwm-simple/../../lib/libdwm.a(dwm.o)
                0x00046286                dwm_anchor_list_get
 .text.dwm_upd_rate_set
                0x0004633a       0x20 C:/Users/Chen1/Downloads/DWM1001-Real-Time-Localization-System/DWM1001-Real-Time-Localization-System/dwm-simple/../../lib/libdwm.a(dwm.o)
                0x0004633a                dwm_upd_rate_set
 .text.dwm_upd_rate_get
                0x0004635a       0x34 C:/Users/Chen1/Downloads/DWM1001-Real-Time-Localization-System/DWM1001-Real-Time-Localization-System/dwm-simple/../../lib/libdwm.a(dwm.o)
                0x0004635a                dwm_upd_rate_get
 .text.dwm_panid_set
                0x0004638e       0x22 C:/Users/Chen1/Downloads/DWM1001-Real-Time-Localization-System/DWM1001-Real-Time-Localization-System/dwm-simple/../../lib/libdwm.a(dwm.o)
                0x0004638e                dwm_panid_set
 .text.dwm_nvm_usr_data_get
                0x000463b0       0x2c C:/Users/Chen1/Downloads/DWM1001-Real-Time-Localization-System/DWM1001-Real-Time-Localization-System/dwm-simple/../../lib/libdwm.a(dwm.o)
                0x000463b0                dwm_nvm_usr_data_get
 .text.dwm_nvm_usr_data_set
                0x000463dc       0x22 C:/Users/Chen1/Downloads/DWM1001-Real-Time-Localization-System/DWM1001-Real-Time-Localization-System/dwm-simple/../../lib/libdwm.a(dwm.o)
                0x000463dc                dwm_nvm_usr_data_set
 .text.dwm_le_compile
                0x000463fe        0x4 C:/Users/Chen1/Downloads/DWM1001-Real-Time-Localization-System/DWM1001-Real-Time-Localization-System/dwm-simple/../../lib/libdwm.a(dwm.o)
                0x000463fe                dwm_le_compile
 .text.dwm_serial_spi_compile
                0x00046402        0x4 C:/Users/Chen1/Downloads/DWM1001-Real-Time-Localization-System/DWM1001-Real-Time-Localization-System/dwm-simple/../../lib/libdwm.a(dwm.o)
                0x00046402                dwm_serial_spi_compile
 .text.dwm_shell_compile
                0x00046406        0x4 C:/Users/Chen1/Downloads/DWM1001-Real-Time-Localization-System/DWM1001-Real-Time-Localization-System/dwm-simple/../../lib/libdwm.a(dwm.o)
                0x00046406                dwm_shell_compile
 *fill*         0x0004640a        0x2 
 .text.env_get_end
                0x0004640c       0x28 C:/Users/Chen1/Downloads/DWM1001-Real-Time-Localization-System/DWM1001-Real-Time-Localization-System/dwm-simple/../../lib/libdwm.a(env-tlv.o)
 .text.env_save
                0x00046434       0x60 C:/Users/Chen1/Downloads/DWM1001-Real-Time-Localization-System/DWM1001-Real-Time-Localization-System/dwm-simple/../../lib/libdwm.a(env-tlv.o)
                0x00046434                env_save
 .text.env_load
                0x00046494       0xe4 C:/Users/Chen1/Downloads/DWM1001-Real-Time-Localization-System/DWM1001-Real-Time-Localization-System/dwm-simple/../../lib/libdwm.a(env-tlv.o)
                0x00046494                env_load
 .text.env_clear
                0x00046578       0x48 C:/Users/Chen1/Downloads/DWM1001-Real-Time-Localization-System/DWM1001-Real-Time-Localization-System/dwm-simple/../../lib/libdwm.a(env-tlv.o)
                0x00046578                env_clear
 .text.env_get  0x000465c0       0x30 C:/Users/Chen1/Downloads/DWM1001-Real-Time-Localization-System/DWM1001-Real-Time-Localization-System/dwm-simple/../../lib/libdwm.a(env-tlv.o)
                0x000465c0                env_get
 .text.env_set  0x000465f0       0xa8 C:/Users/Chen1/Downloads/DWM1001-Real-Time-Localization-System/DWM1001-Real-Time-Localization-System/dwm-simple/../../lib/libdwm.a(env-tlv.o)
                0x000465f0                env_set
 .text.fwup_reset
                0x00046698        0x8 C:/Users/Chen1/Downloads/DWM1001-Real-Time-Localization-System/DWM1001-Real-Time-Localization-System/dwm-simple/../../lib/libdwm.a(fwup.o)
                0x00046698                fwup_reset
 .text.fwup_sndr_init
                0x000466a0       0x6a C:/Users/Chen1/Downloads/DWM1001-Real-Time-Localization-System/DWM1001-Real-Time-Localization-System/dwm-simple/../../lib/libdwm.a(fwup.o)
                0x000466a0                fwup_sndr_init
 .text.fwup_rcvr_in_progress
                0x0004670a       0x1a C:/Users/Chen1/Downloads/DWM1001-Real-Time-Localization-System/DWM1001-Real-Time-Localization-System/dwm-simple/../../lib/libdwm.a(fwup.o)
                0x0004670a                fwup_rcvr_in_progress
 .text.fwup_rcvr_stop
                0x00046724       0x16 C:/Users/Chen1/Downloads/DWM1001-Real-Time-Localization-System/DWM1001-Real-Time-Localization-System/dwm-simple/../../lib/libdwm.a(fwup.o)
                0x00046724                fwup_rcvr_stop
 .text.fwup_rcvr_start
                0x0004673a       0x4c C:/Users/Chen1/Downloads/DWM1001-Real-Time-Localization-System/DWM1001-Real-Time-Localization-System/dwm-simple/../../lib/libdwm.a(fwup.o)
                0x0004673a                fwup_rcvr_start
 .text.fwup_rcvr_rxbuf_space
                0x00046786       0x12 C:/Users/Chen1/Downloads/DWM1001-Real-Time-Localization-System/DWM1001-Real-Time-Localization-System/dwm-simple/../../lib/libdwm.a(fwup.o)
                0x00046786                fwup_rcvr_rxbuf_space
 .text.fwup_rcvr_data_handler
                0x00046798       0x60 C:/Users/Chen1/Downloads/DWM1001-Real-Time-Localization-System/DWM1001-Real-Time-Localization-System/dwm-simple/../../lib/libdwm.a(fwup.o)
                0x00046798                fwup_rcvr_data_handler
 .text.fwup_rcvr_data_write
                0x000467f8      0x160 C:/Users/Chen1/Downloads/DWM1001-Real-Time-Localization-System/DWM1001-Real-Time-Localization-System/dwm-simple/../../lib/libdwm.a(fwup.o)
                0x000467f8                fwup_rcvr_data_write
 .text.fwup_rcvr_is_finished
                0x00046958       0x36 C:/Users/Chen1/Downloads/DWM1001-Real-Time-Localization-System/DWM1001-Real-Time-Localization-System/dwm-simple/../../lib/libdwm.a(fwup.o)
                0x00046958                fwup_rcvr_is_finished
 .text.nrf_gpio_pins_toggle
                0x0004698e       0x18 C:/Users/Chen1/Downloads/DWM1001-Real-Time-Localization-System/DWM1001-Real-Time-Localization-System/dwm-simple/../../lib/libdwm.a(hal.o)
 .text.sd_rand_application_bytes_available_get
                0x000469a6        0x4 C:/Users/Chen1/Downloads/DWM1001-Real-Time-Localization-System/DWM1001-Real-Time-Localization-System/dwm-simple/../../lib/libdwm.a(hal.o)
 .text.sd_rand_application_vector_get
                0x000469aa        0x4 C:/Users/Chen1/Downloads/DWM1001-Real-Time-Localization-System/DWM1001-Real-Time-Localization-System/dwm-simple/../../lib/libdwm.a(hal.o)
 .text.sd_clock_hfclk_request
                0x000469ae        0x4 C:/Users/Chen1/Downloads/DWM1001-Real-Time-Localization-System/DWM1001-Real-Time-Localization-System/dwm-simple/../../lib/libdwm.a(hal.o)
 .text.sd_clock_hfclk_release
                0x000469b2        0x4 C:/Users/Chen1/Downloads/DWM1001-Real-Time-Localization-System/DWM1001-Real-Time-Localization-System/dwm-simple/../../lib/libdwm.a(hal.o)
 .text.sd_app_evt_wait
                0x000469b6        0x4 C:/Users/Chen1/Downloads/DWM1001-Real-Time-Localization-System/DWM1001-Real-Time-Localization-System/dwm-simple/../../lib/libdwm.a(hal.o)
 .text.sd_ecb_block_encrypt
                0x000469ba        0x4 C:/Users/Chen1/Downloads/DWM1001-Real-Time-Localization-System/DWM1001-Real-Time-Localization-System/dwm-simple/../../lib/libdwm.a(hal.o)
 .text.sd_temp_get
                0x000469be        0x4 C:/Users/Chen1/Downloads/DWM1001-Real-Time-Localization-System/DWM1001-Real-Time-Localization-System/dwm-simple/../../lib/libdwm.a(hal.o)
 .text._led_dummy
                0x000469c2        0x2 C:/Users/Chen1/Downloads/DWM1001-Real-Time-Localization-System/DWM1001-Real-Time-Localization-System/dwm-simple/../../lib/libdwm.a(hal.o)
 .text._led_orange_on
                0x000469c4        0xe C:/Users/Chen1/Downloads/DWM1001-Real-Time-Localization-System/DWM1001-Real-Time-Localization-System/dwm-simple/../../lib/libdwm.a(hal.o)
 .text._led_orange_off
                0x000469d2        0xe C:/Users/Chen1/Downloads/DWM1001-Real-Time-Localization-System/DWM1001-Real-Time-Localization-System/dwm-simple/../../lib/libdwm.a(hal.o)
 .text._led_orange_toggle
                0x000469e0        0x8 C:/Users/Chen1/Downloads/DWM1001-Real-Time-Localization-System/DWM1001-Real-Time-Localization-System/dwm-simple/../../lib/libdwm.a(hal.o)
 .text._led_red_on
                0x000469e8        0xe C:/Users/Chen1/Downloads/DWM1001-Real-Time-Localization-System/DWM1001-Real-Time-Localization-System/dwm-simple/../../lib/libdwm.a(hal.o)
 .text._led_red_off
                0x000469f6        0xe C:/Users/Chen1/Downloads/DWM1001-Real-Time-Localization-System/DWM1001-Real-Time-Localization-System/dwm-simple/../../lib/libdwm.a(hal.o)
 .text._led_red_toggle
                0x00046a04        0x8 C:/Users/Chen1/Downloads/DWM1001-Real-Time-Localization-System/DWM1001-Real-Time-Localization-System/dwm-simple/../../lib/libdwm.a(hal.o)
 .text._led_green_on
                0x00046a0c        0xe C:/Users/Chen1/Downloads/DWM1001-Real-Time-Localization-System/DWM1001-Real-Time-Localization-System/dwm-simple/../../lib/libdwm.a(hal.o)
 .text._led_green_off
                0x00046a1a        0xe C:/Users/Chen1/Downloads/DWM1001-Real-Time-Localization-System/DWM1001-Real-Time-Localization-System/dwm-simple/../../lib/libdwm.a(hal.o)
 .text._led_green_toggle
                0x00046a28        0x8 C:/Users/Chen1/Downloads/DWM1001-Real-Time-Localization-System/DWM1001-Real-Time-Localization-System/dwm-simple/../../lib/libdwm.a(hal.o)
 .text.wdt_handler
                0x00046a30        0x2 C:/Users/Chen1/Downloads/DWM1001-Real-Time-Localization-System/DWM1001-Real-Time-Localization-System/dwm-simple/../../lib/libdwm.a(hal.o)
 *fill*         0x00046a32        0x2 
 .text.hal_factory_reset
                0x00046a34       0x30 C:/Users/Chen1/Downloads/DWM1001-Real-Time-Localization-System/DWM1001-Real-Time-Localization-System/dwm-simple/../../lib/libdwm.a(hal.o)
                0x00046a34                hal_factory_reset
 .text.is_user_app_pin
                0x00046a64       0x5c C:/Users/Chen1/Downloads/DWM1001-Real-Time-Localization-System/DWM1001-Real-Time-Localization-System/dwm-simple/../../lib/libdwm.a(hal.o)
                0x00046a64                is_user_app_pin
 .text.hal_sd_enabled
                0x00046ac0        0x8 C:/Users/Chen1/Downloads/DWM1001-Real-Time-Localization-System/DWM1001-Real-Time-Localization-System/dwm-simple/../../lib/libdwm.a(hal.o)
                0x00046ac0                hal_sd_enabled
 .text.hal_flash_erase
                0x00046ac8       0x14 C:/Users/Chen1/Downloads/DWM1001-Real-Time-Localization-System/DWM1001-Real-Time-Localization-System/dwm-simple/../../lib/libdwm.a(hal.o)
                0x00046ac8                hal_flash_erase
 .text.hal_flash_write_page
                0x00046adc        0x6 C:/Users/Chen1/Downloads/DWM1001-Real-Time-Localization-System/DWM1001-Real-Time-Localization-System/dwm-simple/../../lib/libdwm.a(hal.o)
                0x00046adc                hal_flash_write_page
 .text.hal_fw_get_chksum
                0x00046ae2       0x42 C:/Users/Chen1/Downloads/DWM1001-Real-Time-Localization-System/DWM1001-Real-Time-Localization-System/dwm-simple/../../lib/libdwm.a(hal.o)
                0x00046ae2                hal_fw_get_chksum
 .text.hal_fw_is_compat
                0x00046b24       0x10 C:/Users/Chen1/Downloads/DWM1001-Real-Time-Localization-System/DWM1001-Real-Time-Localization-System/dwm-simple/../../lib/libdwm.a(hal.o)
                0x00046b24                hal_fw_is_compat
 .text.hal_time_hfclk_start
                0x00046b34       0x1a C:/Users/Chen1/Downloads/DWM1001-Real-Time-Localization-System/DWM1001-Real-Time-Localization-System/dwm-simple/../../lib/libdwm.a(hal.o)
                0x00046b34                hal_time_hfclk_start
 .text.hal_time_hfclk_stop
                0x00046b4e       0x1c C:/Users/Chen1/Downloads/DWM1001-Real-Time-Localization-System/DWM1001-Real-Time-Localization-System/dwm-simple/../../lib/libdwm.a(hal.o)
                0x00046b4e                hal_time_hfclk_stop
 *fill*         0x00046b6a        0x2 
 .text.hal_wdt_app_init
                0x00046b6c       0x10 C:/Users/Chen1/Downloads/DWM1001-Real-Time-Localization-System/DWM1001-Real-Time-Localization-System/dwm-simple/../../lib/libdwm.a(hal.o)
                0x00046b6c                hal_wdt_app_init
 .text.hal_wdt_app_reset
                0x00046b7c        0x4 C:/Users/Chen1/Downloads/DWM1001-Real-Time-Localization-System/DWM1001-Real-Time-Localization-System/dwm-simple/../../lib/libdwm.a(hal.o)
                0x00046b7c                hal_wdt_app_reset
 .text.hal_temp_get
                0x00046b80       0x80 C:/Users/Chen1/Downloads/DWM1001-Real-Time-Localization-System/DWM1001-Real-Time-Localization-System/dwm-simple/../../lib/libdwm.a(hal.o)
                0x00046b80                hal_temp_get
 .text.hal_sleep
                0x00046c00       0xe4 C:/Users/Chen1/Downloads/DWM1001-Real-Time-Localization-System/DWM1001-Real-Time-Localization-System/dwm-simple/../../lib/libdwm.a(hal.o)
                0x00046c00                hal_sleep
 .text.hal_uptime
                0x00046ce4       0x20 C:/Users/Chen1/Downloads/DWM1001-Real-Time-Localization-System/DWM1001-Real-Time-Localization-System/dwm-simple/../../lib/libdwm.a(hal.o)
                0x00046ce4                hal_uptime
 .text.hal_print_ps
                0x00046d04       0x80 C:/Users/Chen1/Downloads/DWM1001-Real-Time-Localization-System/DWM1001-Real-Time-Localization-System/dwm-simple/../../lib/libdwm.a(hal.o)
                0x00046d04                hal_print_ps
 .text.hal_print_free
                0x00046d84       0x50 C:/Users/Chen1/Downloads/DWM1001-Real-Time-Localization-System/DWM1001-Real-Time-Localization-System/dwm-simple/../../lib/libdwm.a(hal.o)
                0x00046d84                hal_print_free
 .text.hal_print_uptime
                0x00046dd4       0xbc C:/Users/Chen1/Downloads/DWM1001-Real-Time-Localization-System/DWM1001-Real-Time-Localization-System/dwm-simple/../../lib/libdwm.a(hal.o)
                0x00046dd4                hal_print_uptime
 .text.hal_print_sys_info
                0x00046e90      0x130 C:/Users/Chen1/Downloads/DWM1001-Real-Time-Localization-System/DWM1001-Real-Time-Localization-System/dwm-simple/../../lib/libdwm.a(hal.o)
                0x00046e90                hal_print_sys_info
 .text.hal_critical_region_enter
                0x00046fc0       0x58 C:/Users/Chen1/Downloads/DWM1001-Real-Time-Localization-System/DWM1001-Real-Time-Localization-System/dwm-simple/../../lib/libdwm.a(hal.o)
                0x00046fc0                hal_critical_region_enter
 .text.hal_critical_region_exit
                0x00047018       0x38 C:/Users/Chen1/Downloads/DWM1001-Real-Time-Localization-System/DWM1001-Real-Time-Localization-System/dwm-simple/../../lib/libdwm.a(hal.o)
                0x00047018                hal_critical_region_exit
 .text.leds_enable
                0x00047050       0xbc C:/Users/Chen1/Downloads/DWM1001-Real-Time-Localization-System/DWM1001-Real-Time-Localization-System/dwm-simple/../../lib/libdwm.a(hal.o)
                0x00047050                leds_enable
 .text.leds_disable
                0x0004710c       0x74 C:/Users/Chen1/Downloads/DWM1001-Real-Time-Localization-System/DWM1001-Real-Time-Localization-System/dwm-simple/../../lib/libdwm.a(hal.o)
                0x0004710c                leds_disable
 .text.hal_crypto_rng_get
                0x00047180       0xa8 C:/Users/Chen1/Downloads/DWM1001-Real-Time-Localization-System/DWM1001-Real-Time-Localization-System/dwm-simple/../../lib/libdwm.a(hal.o)
                0x00047180                hal_crypto_rng_get
 .text.hal_crypto_set_key
                0x00047228       0x60 C:/Users/Chen1/Downloads/DWM1001-Real-Time-Localization-System/DWM1001-Real-Time-Localization-System/dwm-simple/../../lib/libdwm.a(hal.o)
                0x00047228                hal_crypto_set_key
 .text.hal_crypto_mac_get
                0x00047288      0x128 C:/Users/Chen1/Downloads/DWM1001-Real-Time-Localization-System/DWM1001-Real-Time-Localization-System/dwm-simple/../../lib/libdwm.a(hal.o)
                0x00047288                hal_crypto_mac_get
 .text.hal_crypto_crypt
                0x000473b0       0xc8 C:/Users/Chen1/Downloads/DWM1001-Real-Time-Localization-System/DWM1001-Real-Time-Localization-System/dwm-simple/../../lib/libdwm.a(hal.o)
                0x000473b0                hal_crypto_crypt
 .text._read    0x00047478        0x8 C:/Users/Chen1/Downloads/DWM1001-Real-Time-Localization-System/DWM1001-Real-Time-Localization-System/dwm-simple/../../lib/libdwm.a(hal.o)
                0x00047478                _read
 .text._write   0x00047480       0x2a C:/Users/Chen1/Downloads/DWM1001-Real-Time-Localization-System/DWM1001-Real-Time-Localization-System/dwm-simple/../../lib/libdwm.a(hal.o)
                0x00047480                _write
 *fill*         0x000474aa        0x2 
 .text._sbrk    0x000474ac       0x2c C:/Users/Chen1/Downloads/DWM1001-Real-Time-Localization-System/DWM1001-Real-Time-Localization-System/dwm-simple/../../lib/libdwm.a(hal.o)
                0x000474ac                _sbrk
 .text.rng_isr  0x000474d8       0x14 C:/Users/Chen1/Downloads/DWM1001-Real-Time-Localization-System/DWM1001-Real-Time-Localization-System/dwm-simple/../../lib/libdwm.a(nrf_drv_rng.o)
 .text.rng_start
                0x000474ec       0x38 C:/Users/Chen1/Downloads/DWM1001-Real-Time-Localization-System/DWM1001-Real-Time-Localization-System/dwm-simple/../../lib/libdwm.a(nrf_drv_rng.o)
 .text.nrf_drv_rng_init
                0x00047524       0x98 C:/Users/Chen1/Downloads/DWM1001-Real-Time-Localization-System/DWM1001-Real-Time-Localization-System/dwm-simple/../../lib/libdwm.a(nrf_drv_rng.o)
                0x00047524                nrf_drv_rng_init
 .text.nrf_drv_rng_bytes_available
                0x000475bc       0x14 C:/Users/Chen1/Downloads/DWM1001-Real-Time-Localization-System/DWM1001-Real-Time-Localization-System/dwm-simple/../../lib/libdwm.a(nrf_drv_rng.o)
                0x000475bc                nrf_drv_rng_bytes_available
 .text.nrf_drv_rng_rand
                0x000475d0       0x3c C:/Users/Chen1/Downloads/DWM1001-Real-Time-Localization-System/DWM1001-Real-Time-Localization-System/dwm-simple/../../lib/libdwm.a(nrf_drv_rng.o)
                0x000475d0                nrf_drv_rng_rand
 .text.RNG_IRQHandler
                0x0004760c       0x54 C:/Users/Chen1/Downloads/DWM1001-Real-Time-Localization-System/DWM1001-Real-Time-Localization-System/dwm-simple/../../lib/libdwm.a(nrf_drv_rng.o)
                0x0004760c                RNG_IRQHandler
 .text.rng_dsr  0x00047660       0x10 C:/Users/Chen1/Downloads/DWM1001-Real-Time-Localization-System/DWM1001-Real-Time-Localization-System/dwm-simple/../../lib/libdwm.a(nrf_drv_rng.o)
 .text.pm_can_sleep
                0x00047670       0x44 C:/Users/Chen1/Downloads/DWM1001-Real-Time-Localization-System/DWM1001-Real-Time-Localization-System/dwm-simple/../../lib/libdwm.a(pm.o)
                0x00047670                pm_can_sleep
 .text.pm_task_get_next
                0x000476b4       0x54 C:/Users/Chen1/Downloads/DWM1001-Real-Time-Localization-System/DWM1001-Real-Time-Localization-System/dwm-simple/../../lib/libdwm.a(pm.o)
                0x000476b4                pm_task_get_next
 .text.pm_sched_signal
                0x00047708        0xc C:/Users/Chen1/Downloads/DWM1001-Real-Time-Localization-System/DWM1001-Real-Time-Localization-System/dwm-simple/../../lib/libdwm.a(pm.o)
                0x00047708                pm_sched_signal
 .text.pm_sched_wait
                0x00047714        0xc C:/Users/Chen1/Downloads/DWM1001-Real-Time-Localization-System/DWM1001-Real-Time-Localization-System/dwm-simple/../../lib/libdwm.a(pm.o)
                0x00047714                pm_sched_wait
 .text.pm_task_lock
                0x00047720       0x26 C:/Users/Chen1/Downloads/DWM1001-Real-Time-Localization-System/DWM1001-Real-Time-Localization-System/dwm-simple/../../lib/libdwm.a(pm.o)
                0x00047720                pm_task_lock
 .text.pm_task_unlock
                0x00047746       0x2c C:/Users/Chen1/Downloads/DWM1001-Real-Time-Localization-System/DWM1001-Real-Time-Localization-System/dwm-simple/../../lib/libdwm.a(pm.o)
                0x00047746                pm_task_unlock
 *fill*         0x00047772        0x2 
 .text.pm_task_unlock_set_alarm
                0x00047774       0x98 C:/Users/Chen1/Downloads/DWM1001-Real-Time-Localization-System/DWM1001-Real-Time-Localization-System/dwm-simple/../../lib/libdwm.a(pm.o)
                0x00047774                pm_task_unlock_set_alarm
 .text.pm_task_wakeup
                0x0004780c        0x4 C:/Users/Chen1/Downloads/DWM1001-Real-Time-Localization-System/DWM1001-Real-Time-Localization-System/dwm-simple/../../lib/libdwm.a(pm.o)
                0x0004780c                pm_task_wakeup
 .text.pm_task_alloc
                0x00047810       0x64 C:/Users/Chen1/Downloads/DWM1001-Real-Time-Localization-System/DWM1001-Real-Time-Localization-System/dwm-simple/../../lib/libdwm.a(pm.o)
                0x00047810                pm_task_alloc
 .text.pm_task_free
                0x00047874       0x58 C:/Users/Chen1/Downloads/DWM1001-Real-Time-Localization-System/DWM1001-Real-Time-Localization-System/dwm-simple/../../lib/libdwm.a(pm.o)
                0x00047874                pm_task_free
 .text.pm_init  0x000478cc       0x54 C:/Users/Chen1/Downloads/DWM1001-Real-Time-Localization-System/DWM1001-Real-Time-Localization-System/dwm-simple/../../lib/libdwm.a(pm.o)
                0x000478cc                pm_init
 .text.pm_dump  0x00047920       0x84 C:/Users/Chen1/Downloads/DWM1001-Real-Time-Localization-System/DWM1001-Real-Time-Localization-System/dwm-simple/../../lib/libdwm.a(pm.o)
                0x00047920                pm_dump
 .text.api_thread_start
                0x000479a4       0x10 C:/Users/Chen1/Downloads/DWM1001-Real-Time-Localization-System/DWM1001-Real-Time-Localization-System/dwm-simple/../../lib/libdwm.a(process-api.o)
                0x000479a4                api_thread_start
 .text.api_thread_init
                0x000479b4       0x3c C:/Users/Chen1/Downloads/DWM1001-Real-Time-Localization-System/DWM1001-Real-Time-Localization-System/dwm-simple/../../lib/libdwm.a(process-api.o)
                0x000479b4                api_thread_init
 .text.ble_init_ready
                0x000479f0        0xc C:/Users/Chen1/Downloads/DWM1001-Real-Time-Localization-System/DWM1001-Real-Time-Localization-System/dwm-simple/../../lib/libdwm.a(process-ble.o)
                0x000479f0                ble_init_ready
 .text.le_print_disable
                0x000479fc       0x10 C:/Users/Chen1/Downloads/DWM1001-Real-Time-Localization-System/DWM1001-Real-Time-Localization-System/dwm-simple/../../lib/libdwm.a(process-le.o)
 .text.nole_thread_entry
                0x00047a0c      0x2a8 C:/Users/Chen1/Downloads/DWM1001-Real-Time-Localization-System/DWM1001-Real-Time-Localization-System/dwm-simple/../../lib/libdwm.a(process-le.o)
 *fill*         0x00047cb4        0x4 
 .text.le_thread_entry
                0x00047cb8      0x48c C:/Users/Chen1/Downloads/DWM1001-Real-Time-Localization-System/DWM1001-Real-Time-Localization-System/dwm-simple/../../lib/libdwm.a(process-le.o)
 .text.le_post_loc_data
                0x00048144       0x60 C:/Users/Chen1/Downloads/DWM1001-Real-Time-Localization-System/DWM1001-Real-Time-Localization-System/dwm-simple/../../lib/libdwm.a(process-le.o)
                0x00048144                le_post_loc_data
 .text.le_init  0x000481a4       0x7c C:/Users/Chen1/Downloads/DWM1001-Real-Time-Localization-System/DWM1001-Real-Time-Localization-System/dwm-simple/../../lib/libdwm.a(process-le.o)
                0x000481a4                le_init
 .text.le_start
                0x00048220       0x18 C:/Users/Chen1/Downloads/DWM1001-Real-Time-Localization-System/DWM1001-Real-Time-Localization-System/dwm-simple/../../lib/libdwm.a(process-le.o)
                0x00048220                le_start
 .text.le_post_meas
                0x00048238       0x78 C:/Users/Chen1/Downloads/DWM1001-Real-Time-Localization-System/DWM1001-Real-Time-Localization-System/dwm-simple/../../lib/libdwm.a(process-le.o)
                0x00048238                le_post_meas
 .text.le_pos_get
                0x000482b0       0x64 C:/Users/Chen1/Downloads/DWM1001-Real-Time-Localization-System/DWM1001-Real-Time-Localization-System/dwm-simple/../../lib/libdwm.a(process-le.o)
                0x000482b0                le_pos_get
 .text.le_loc_get
                0x00048314      0x104 C:/Users/Chen1/Downloads/DWM1001-Real-Time-Localization-System/DWM1001-Real-Time-Localization-System/dwm-simple/../../lib/libdwm.a(process-le.o)
                0x00048314                le_loc_get
 .text.le_loc_print_toggle
                0x00048418       0x28 C:/Users/Chen1/Downloads/DWM1001-Real-Time-Localization-System/DWM1001-Real-Time-Localization-System/dwm-simple/../../lib/libdwm.a(process-le.o)
                0x00048418                le_loc_print_toggle
 .text.le_loc_ts_print_toggle
                0x00048440       0x24 C:/Users/Chen1/Downloads/DWM1001-Real-Time-Localization-System/DWM1001-Real-Time-Localization-System/dwm-simple/../../lib/libdwm.a(process-le.o)
                0x00048440                le_loc_ts_print_toggle
 .text.le_loc_csv_print_toggle
                0x00048464       0x28 C:/Users/Chen1/Downloads/DWM1001-Real-Time-Localization-System/DWM1001-Real-Time-Localization-System/dwm-simple/../../lib/libdwm.a(process-le.o)
                0x00048464                le_loc_csv_print_toggle
 .text.le_loc_csv_ts_print_toggle
                0x0004848c       0x28 C:/Users/Chen1/Downloads/DWM1001-Real-Time-Localization-System/DWM1001-Real-Time-Localization-System/dwm-simple/../../lib/libdwm.a(process-le.o)
                0x0004848c                le_loc_csv_ts_print_toggle
 .text.le_pos_csv_print_toggle
                0x000484b4       0x24 C:/Users/Chen1/Downloads/DWM1001-Real-Time-Localization-System/DWM1001-Real-Time-Localization-System/dwm-simple/../../lib/libdwm.a(process-le.o)
                0x000484b4                le_pos_csv_print_toggle
 .text.le_compile
                0x000484d8       0x18 C:/Users/Chen1/Downloads/DWM1001-Real-Time-Localization-System/DWM1001-Real-Time-Localization-System/dwm-simple/../../lib/libdwm.a(process-le.o)
                0x000484d8                le_compile
 .text.pm_thread_entry
                0x000484f0       0x98 C:/Users/Chen1/Downloads/DWM1001-Real-Time-Localization-System/DWM1001-Real-Time-Localization-System/dwm-simple/../../lib/libdwm.a(process-pm.o)
 .text.hal_pm_init
                0x00048588       0x70 C:/Users/Chen1/Downloads/DWM1001-Real-Time-Localization-System/DWM1001-Real-Time-Localization-System/dwm-simple/../../lib/libdwm.a(process-pm.o)
                0x00048588                hal_pm_init
 .text.hal_pm_start
                0x000485f8        0xc C:/Users/Chen1/Downloads/DWM1001-Real-Time-Localization-System/DWM1001-Real-Time-Localization-System/dwm-simple/../../lib/libdwm.a(process-pm.o)
                0x000485f8                hal_pm_start
 .text.uwb0_recover.part.0
                0x00048604       0x1c C:/Users/Chen1/Downloads/DWM1001-Real-Time-Localization-System/DWM1001-Real-Time-Localization-System/dwm-simple/../../lib/libdwm.a(process-svc.o)
 .text.svc_thread_entry
                0x00048620      0x2b0 C:/Users/Chen1/Downloads/DWM1001-Real-Time-Localization-System/DWM1001-Real-Time-Localization-System/dwm-simple/../../lib/libdwm.a(process-svc.o)
 .text.svc_init
                0x000488d0       0x3c C:/Users/Chen1/Downloads/DWM1001-Real-Time-Localization-System/DWM1001-Real-Time-Localization-System/dwm-simple/../../lib/libdwm.a(process-svc.o)
                0x000488d0                svc_init
 .text.svc_start
                0x0004890c        0xc C:/Users/Chen1/Downloads/DWM1001-Real-Time-Localization-System/DWM1001-Real-Time-Localization-System/dwm-simple/../../lib/libdwm.a(process-svc.o)
                0x0004890c                svc_start
 .text.svc_post_event
                0x00048918       0x64 C:/Users/Chen1/Downloads/DWM1001-Real-Time-Localization-System/DWM1001-Real-Time-Localization-System/dwm-simple/../../lib/libdwm.a(process-svc.o)
                0x00048918                svc_post_event
 .text.svc_suspend
                0x0004897c       0x30 C:/Users/Chen1/Downloads/DWM1001-Real-Time-Localization-System/DWM1001-Real-Time-Localization-System/dwm-simple/../../lib/libdwm.a(process-svc.o)
                0x0004897c                svc_suspend
 .text.svc_resume
                0x000489ac       0x28 C:/Users/Chen1/Downloads/DWM1001-Real-Time-Localization-System/DWM1001-Real-Time-Localization-System/dwm-simple/../../lib/libdwm.a(process-svc.o)
                0x000489ac                svc_resume
 .text.uwbmac_wkr_thread_entry
                0x000489d4       0x1c C:/Users/Chen1/Downloads/DWM1001-Real-Time-Localization-System/DWM1001-Real-Time-Localization-System/dwm-simple/../../lib/libdwm.a(process-uwbmac.o)
 .text.uwbmac_thread_entry
                0x000489f0      0x12c C:/Users/Chen1/Downloads/DWM1001-Real-Time-Localization-System/DWM1001-Real-Time-Localization-System/dwm-simple/../../lib/libdwm.a(process-uwbmac.o)
 .text.uwbmac_init
                0x00048b1c       0x6c C:/Users/Chen1/Downloads/DWM1001-Real-Time-Localization-System/DWM1001-Real-Time-Localization-System/dwm-simple/../../lib/libdwm.a(process-uwbmac.o)
                0x00048b1c                uwbmac_init
 .text.uwbmac_start
                0x00048b88       0x18 C:/Users/Chen1/Downloads/DWM1001-Real-Time-Localization-System/DWM1001-Real-Time-Localization-System/dwm-simple/../../lib/libdwm.a(process-uwbmac.o)
                0x00048b88                uwbmac_start
 .text.dw_intr  0x00048ba0        0xc C:/Users/Chen1/Downloads/DWM1001-Real-Time-Localization-System/DWM1001-Real-Time-Localization-System/dwm-simple/../../lib/libdwm.a(process-uwb.o)
                0x00048ba0                dw_intr
 .text.uwb_init_uwb0
                0x00048bac      0x42c C:/Users/Chen1/Downloads/DWM1001-Real-Time-Localization-System/DWM1001-Real-Time-Localization-System/dwm-simple/../../lib/libdwm.a(process-uwb.o)
                0x00048bac                uwb_init_uwb0
 .text.uwb_thread_entry
                0x00048fd8       0xac C:/Users/Chen1/Downloads/DWM1001-Real-Time-Localization-System/DWM1001-Real-Time-Localization-System/dwm-simple/../../lib/libdwm.a(process-uwb.o)
 .text.uwb_init
                0x00049084       0x3c C:/Users/Chen1/Downloads/DWM1001-Real-Time-Localization-System/DWM1001-Real-Time-Localization-System/dwm-simple/../../lib/libdwm.a(process-uwb.o)
                0x00049084                uwb_init
 .text.uwb_start
                0x000490c0        0xc C:/Users/Chen1/Downloads/DWM1001-Real-Time-Localization-System/DWM1001-Real-Time-Localization-System/dwm-simple/../../lib/libdwm.a(process-uwb.o)
                0x000490c0                uwb_start
 .text.uwb_init_ready_await
                0x000490cc       0x18 C:/Users/Chen1/Downloads/DWM1001-Real-Time-Localization-System/DWM1001-Real-Time-Localization-System/dwm-simple/../../lib/libdwm.a(process-uwb.o)
                0x000490cc                uwb_init_ready_await
 .text.uart_timeout_handler
                0x000490e4       0x10 C:/Users/Chen1/Downloads/DWM1001-Real-Time-Localization-System/DWM1001-Real-Time-Localization-System/dwm-simple/../../lib/libdwm.a(serial.o)
 .text.uart_init
                0x000490f4       0x10 C:/Users/Chen1/Downloads/DWM1001-Real-Time-Localization-System/DWM1001-Real-Time-Localization-System/dwm-simple/../../lib/libdwm.a(serial.o)
 .text.spis_gpio_set
                0x00049104       0x20 C:/Users/Chen1/Downloads/DWM1001-Real-Time-Localization-System/DWM1001-Real-Time-Localization-System/dwm-simple/../../lib/libdwm.a(serial.o)
 .text.spis_init
                0x00049124       0x10 C:/Users/Chen1/Downloads/DWM1001-Real-Time-Localization-System/DWM1001-Real-Time-Localization-System/dwm-simple/../../lib/libdwm.a(serial.o)
 .text.pm_serial_suspend
                0x00049134       0x58 C:/Users/Chen1/Downloads/DWM1001-Real-Time-Localization-System/DWM1001-Real-Time-Localization-System/dwm-simple/../../lib/libdwm.a(serial.o)
 .text.gpio_wakeup_intr
                0x0004918c        0xc C:/Users/Chen1/Downloads/DWM1001-Real-Time-Localization-System/DWM1001-Real-Time-Localization-System/dwm-simple/../../lib/libdwm.a(serial.o)
 .text._serial_status_change_ntfy
                0x00049198       0x3c C:/Users/Chen1/Downloads/DWM1001-Real-Time-Localization-System/DWM1001-Real-Time-Localization-System/dwm-simple/../../lib/libdwm.a(serial.o)
 .text._serial_start
                0x000491d4       0x1c C:/Users/Chen1/Downloads/DWM1001-Real-Time-Localization-System/DWM1001-Real-Time-Localization-System/dwm-simple/../../lib/libdwm.a(serial.o)
 .text._on_spis_evt
                0x000491f0       0x78 C:/Users/Chen1/Downloads/DWM1001-Real-Time-Localization-System/DWM1001-Real-Time-Localization-System/dwm-simple/../../lib/libdwm.a(serial.o)
 .text.spis_api_cb
                0x00049268       0x60 C:/Users/Chen1/Downloads/DWM1001-Real-Time-Localization-System/DWM1001-Real-Time-Localization-System/dwm-simple/../../lib/libdwm.a(serial.o)
 .text._spis_init
                0x000492c8       0x2c C:/Users/Chen1/Downloads/DWM1001-Real-Time-Localization-System/DWM1001-Real-Time-Localization-System/dwm-simple/../../lib/libdwm.a(serial.o)
 .text._serial_sleep
                0x000492f4       0x1c C:/Users/Chen1/Downloads/DWM1001-Real-Time-Localization-System/DWM1001-Real-Time-Localization-System/dwm-simple/../../lib/libdwm.a(serial.o)
 .text.spis_event_handler
                0x00049310      0x1d0 C:/Users/Chen1/Downloads/DWM1001-Real-Time-Localization-System/DWM1001-Real-Time-Localization-System/dwm-simple/../../lib/libdwm.a(serial.o)
 .text.serial_sleep
                0x000494e0       0x10 C:/Users/Chen1/Downloads/DWM1001-Real-Time-Localization-System/DWM1001-Real-Time-Localization-System/dwm-simple/../../lib/libdwm.a(serial.o)
                0x000494e0                serial_sleep
 .text.serial_uart_reinit
                0x000494f0       0x10 C:/Users/Chen1/Downloads/DWM1001-Real-Time-Localization-System/DWM1001-Real-Time-Localization-System/dwm-simple/../../lib/libdwm.a(serial.o)
                0x000494f0                serial_uart_reinit
 .text.serial_status_change_ntfy
                0x00049500       0x10 C:/Users/Chen1/Downloads/DWM1001-Real-Time-Localization-System/DWM1001-Real-Time-Localization-System/dwm-simple/../../lib/libdwm.a(serial.o)
                0x00049500                serial_status_change_ntfy
 .text.serial_thread_entry
                0x00049510      0x168 C:/Users/Chen1/Downloads/DWM1001-Real-Time-Localization-System/DWM1001-Real-Time-Localization-System/dwm-simple/../../lib/libdwm.a(serial.o)
                0x00049510                serial_thread_entry
 .text.serial_start
                0x00049678       0x10 C:/Users/Chen1/Downloads/DWM1001-Real-Time-Localization-System/DWM1001-Real-Time-Localization-System/dwm-simple/../../lib/libdwm.a(serial.o)
                0x00049678                serial_start
 .text.serial_compile_spi
                0x00049688       0x58 C:/Users/Chen1/Downloads/DWM1001-Real-Time-Localization-System/DWM1001-Real-Time-Localization-System/dwm-simple/../../lib/libdwm.a(serial.o)
                0x00049688                serial_compile_spi
 .text.serial_is_uart_compiled
                0x000496e0        0xc C:/Users/Chen1/Downloads/DWM1001-Real-Time-Localization-System/DWM1001-Real-Time-Localization-System/dwm-simple/../../lib/libdwm.a(serial.o)
                0x000496e0                serial_is_uart_compiled
 .text.serial_is_compiled
                0x000496ec        0xc C:/Users/Chen1/Downloads/DWM1001-Real-Time-Localization-System/DWM1001-Real-Time-Localization-System/dwm-simple/../../lib/libdwm.a(serial.o)
                0x000496ec                serial_is_compiled
 .text.cmd_enc_key_clear
                0x000496f8       0x34 C:/Users/Chen1/Downloads/DWM1001-Real-Time-Localization-System/DWM1001-Real-Time-Localization-System/dwm-simple/../../lib/libdwm.a(shell-api.o)
                0x000496f8                cmd_enc_key_clear
 .text.cmd_nvm_usr_data_clear
                0x0004972c       0x38 C:/Users/Chen1/Downloads/DWM1001-Real-Time-Localization-System/DWM1001-Real-Time-Localization-System/dwm-simple/../../lib/libdwm.a(shell-api.o)
 .text.cmd_nvm_usr_data_set
                0x00049764       0xb8 C:/Users/Chen1/Downloads/DWM1001-Real-Time-Localization-System/DWM1001-Real-Time-Localization-System/dwm-simple/../../lib/libdwm.a(shell-api.o)
 .text.cmd_tlv  0x0004981c       0xb0 C:/Users/Chen1/Downloads/DWM1001-Real-Time-Localization-System/DWM1001-Real-Time-Localization-System/dwm-simple/../../lib/libdwm.a(shell-api.o)
 .text.api_cb   0x000498cc       0x44 C:/Users/Chen1/Downloads/DWM1001-Real-Time-Localization-System/DWM1001-Real-Time-Localization-System/dwm-simple/../../lib/libdwm.a(shell-api.o)
 .text.cmd_enc_key_set
                0x00049910       0x94 C:/Users/Chen1/Downloads/DWM1001-Real-Time-Localization-System/DWM1001-Real-Time-Localization-System/dwm-simple/../../lib/libdwm.a(shell-api.o)
                0x00049910                cmd_enc_key_set
 .text.cmd_nvm_usr_data_get
                0x000499a4       0x64 C:/Users/Chen1/Downloads/DWM1001-Real-Time-Localization-System/DWM1001-Real-Time-Localization-System/dwm-simple/../../lib/libdwm.a(shell-api.o)
 .text.cmd_cfg_tn_set
                0x00049a08      0x120 C:/Users/Chen1/Downloads/DWM1001-Real-Time-Localization-System/DWM1001-Real-Time-Localization-System/dwm-simple/../../lib/libdwm.a(shell-api.o)
 .text.cmd_cfg_an_set
                0x00049b28       0xf4 C:/Users/Chen1/Downloads/DWM1001-Real-Time-Localization-System/DWM1001-Real-Time-Localization-System/dwm-simple/../../lib/libdwm.a(shell-api.o)
 .text.cmd_pos_set
                0x00049c1c       0x88 C:/Users/Chen1/Downloads/DWM1001-Real-Time-Localization-System/DWM1001-Real-Time-Localization-System/dwm-simple/../../lib/libdwm.a(shell-api.o)
 .text.cmd_pos_get
                0x00049ca4       0x48 C:/Users/Chen1/Downloads/DWM1001-Real-Time-Localization-System/DWM1001-Real-Time-Localization-System/dwm-simple/../../lib/libdwm.a(shell-api.o)
 .text.cmd_ur_get
                0x00049cec       0x4c C:/Users/Chen1/Downloads/DWM1001-Real-Time-Localization-System/DWM1001-Real-Time-Localization-System/dwm-simple/../../lib/libdwm.a(shell-api.o)
 .text.cmd_ur_set
                0x00049d38       0x7c C:/Users/Chen1/Downloads/DWM1001-Real-Time-Localization-System/DWM1001-Real-Time-Localization-System/dwm-simple/../../lib/libdwm.a(shell-api.o)
 .text.cmd_le_show_loc
                0x00049db4       0x2c C:/Users/Chen1/Downloads/DWM1001-Real-Time-Localization-System/DWM1001-Real-Time-Localization-System/dwm-simple/../../lib/libdwm.a(shell-le.o)
                0x00049db4                cmd_le_show_loc
 .text.cmd_le_show_loc_csv
                0x00049de0       0x2c C:/Users/Chen1/Downloads/DWM1001-Real-Time-Localization-System/DWM1001-Real-Time-Localization-System/dwm-simple/../../lib/libdwm.a(shell-le.o)
                0x00049de0                cmd_le_show_loc_csv
 .text.cmd_le_show_pos_csv
                0x00049e0c        0x4 C:/Users/Chen1/Downloads/DWM1001-Real-Time-Localization-System/DWM1001-Real-Time-Localization-System/dwm-simple/../../lib/libdwm.a(shell-le.o)
                0x00049e0c                cmd_le_show_pos_csv
 .text._shell_stop
                0x00049e10        0xc C:/Users/Chen1/Downloads/DWM1001-Real-Time-Localization-System/DWM1001-Real-Time-Localization-System/dwm-simple/../../lib/libdwm.a(shell.o)
 .text._shell_add_cmds
                0x00049e1c       0x24 C:/Users/Chen1/Downloads/DWM1001-Real-Time-Localization-System/DWM1001-Real-Time-Localization-System/dwm-simple/../../lib/libdwm.a(shell.o)
 .text._get_argc
                0x00049e40       0x1c C:/Users/Chen1/Downloads/DWM1001-Real-Time-Localization-System/DWM1001-Real-Time-Localization-System/dwm-simple/../../lib/libdwm.a(shell.o)
 .text._shell_get_arg
                0x00049e5c       0x14 C:/Users/Chen1/Downloads/DWM1001-Real-Time-Localization-System/DWM1001-Real-Time-Localization-System/dwm-simple/../../lib/libdwm.a(shell.o)
 .text._shell_set_init_print
                0x00049e70        0xc C:/Users/Chen1/Downloads/DWM1001-Real-Time-Localization-System/DWM1001-Real-Time-Localization-System/dwm-simple/../../lib/libdwm.a(shell.o)
 .text._shell_show_hidden
                0x00049e7c        0xc C:/Users/Chen1/Downloads/DWM1001-Real-Time-Localization-System/DWM1001-Real-Time-Localization-System/dwm-simple/../../lib/libdwm.a(shell.o)
 .text._shell_init_ready_await
                0x00049e88       0x18 C:/Users/Chen1/Downloads/DWM1001-Real-Time-Localization-System/DWM1001-Real-Time-Localization-System/dwm-simple/../../lib/libdwm.a(shell.o)
 .text.shell_init_print_fnc
                0x00049ea0        0xc C:/Users/Chen1/Downloads/DWM1001-Real-Time-Localization-System/DWM1001-Real-Time-Localization-System/dwm-simple/../../lib/libdwm.a(shell.o)
 .text._shell_print_hex
                0x00049eac       0x48 C:/Users/Chen1/Downloads/DWM1001-Real-Time-Localization-System/DWM1001-Real-Time-Localization-System/dwm-simple/../../lib/libdwm.a(shell.o)
 .text._shell_get_arg_int
                0x00049ef4       0x4c C:/Users/Chen1/Downloads/DWM1001-Real-Time-Localization-System/DWM1001-Real-Time-Localization-System/dwm-simple/../../lib/libdwm.a(shell.o)
 .text._shell_start
                0x00049f40        0x4 C:/Users/Chen1/Downloads/DWM1001-Real-Time-Localization-System/DWM1001-Real-Time-Localization-System/dwm-simple/../../lib/libdwm.a(shell.o)
 .text._shell_uninit
                0x00049f44       0x3c C:/Users/Chen1/Downloads/DWM1001-Real-Time-Localization-System/DWM1001-Real-Time-Localization-System/dwm-simple/../../lib/libdwm.a(shell.o)
 .text._shell_init
                0x00049f80       0x44 C:/Users/Chen1/Downloads/DWM1001-Real-Time-Localization-System/DWM1001-Real-Time-Localization-System/dwm-simple/../../lib/libdwm.a(shell.o)
 .text.shell_fsm_entry
                0x00049fc4      0x29c C:/Users/Chen1/Downloads/DWM1001-Real-Time-Localization-System/DWM1001-Real-Time-Localization-System/dwm-simple/../../lib/libdwm.a(shell.o)
 .text.shell_thread_entry
                0x0004a260       0x88 C:/Users/Chen1/Downloads/DWM1001-Real-Time-Localization-System/DWM1001-Real-Time-Localization-System/dwm-simple/../../lib/libdwm.a(shell.o)
                0x0004a260                shell_thread_entry
 .text.dwm_shell_init
                0x0004a2e8       0x10 C:/Users/Chen1/Downloads/DWM1001-Real-Time-Localization-System/DWM1001-Real-Time-Localization-System/dwm-simple/../../lib/libdwm.a(shell.o)
                0x0004a2e8                dwm_shell_init
 .text.shell_init
                0x0004a2f8       0x10 C:/Users/Chen1/Downloads/DWM1001-Real-Time-Localization-System/DWM1001-Real-Time-Localization-System/dwm-simple/../../lib/libdwm.a(shell.o)
                0x0004a2f8                shell_init
 .text.shell_uninit
                0x0004a308       0x10 C:/Users/Chen1/Downloads/DWM1001-Real-Time-Localization-System/DWM1001-Real-Time-Localization-System/dwm-simple/../../lib/libdwm.a(shell.o)
                0x0004a308                shell_uninit
 .text._shell_delete_if_unused
                0x0004a318       0x2c C:/Users/Chen1/Downloads/DWM1001-Real-Time-Localization-System/DWM1001-Real-Time-Localization-System/dwm-simple/../../lib/libdwm.a(shell.o)
 .text.shell_start
                0x0004a344       0x10 C:/Users/Chen1/Downloads/DWM1001-Real-Time-Localization-System/DWM1001-Real-Time-Localization-System/dwm-simple/../../lib/libdwm.a(shell.o)
                0x0004a344                shell_start
 .text.shell_stop
                0x0004a354       0x10 C:/Users/Chen1/Downloads/DWM1001-Real-Time-Localization-System/DWM1001-Real-Time-Localization-System/dwm-simple/../../lib/libdwm.a(shell.o)
                0x0004a354                shell_stop
 .text.shell_quit
                0x0004a364       0x14 C:/Users/Chen1/Downloads/DWM1001-Real-Time-Localization-System/DWM1001-Real-Time-Localization-System/dwm-simple/../../lib/libdwm.a(shell.o)
 .text.shell_delete_if_unused
                0x0004a378       0x10 C:/Users/Chen1/Downloads/DWM1001-Real-Time-Localization-System/DWM1001-Real-Time-Localization-System/dwm-simple/../../lib/libdwm.a(shell.o)
                0x0004a378                shell_delete_if_unused
 .text.shell_add_cmds
                0x0004a388       0x10 C:/Users/Chen1/Downloads/DWM1001-Real-Time-Localization-System/DWM1001-Real-Time-Localization-System/dwm-simple/../../lib/libdwm.a(shell.o)
                0x0004a388                shell_add_cmds
 .text.get_argc
                0x0004a398       0x10 C:/Users/Chen1/Downloads/DWM1001-Real-Time-Localization-System/DWM1001-Real-Time-Localization-System/dwm-simple/../../lib/libdwm.a(shell.o)
                0x0004a398                get_argc
 .text.shell_get_arg
                0x0004a3a8       0x10 C:/Users/Chen1/Downloads/DWM1001-Real-Time-Localization-System/DWM1001-Real-Time-Localization-System/dwm-simple/../../lib/libdwm.a(shell.o)
                0x0004a3a8                shell_get_arg
 .text._get_argv
                0x0004a3b8        0x4 C:/Users/Chen1/Downloads/DWM1001-Real-Time-Localization-System/DWM1001-Real-Time-Localization-System/dwm-simple/../../lib/libdwm.a(shell.o)
 .text.shell_get_arg_int
                0x0004a3bc       0x10 C:/Users/Chen1/Downloads/DWM1001-Real-Time-Localization-System/DWM1001-Real-Time-Localization-System/dwm-simple/../../lib/libdwm.a(shell.o)
                0x0004a3bc                shell_get_arg_int
 .text.shell_set_init_print
                0x0004a3cc       0x10 C:/Users/Chen1/Downloads/DWM1001-Real-Time-Localization-System/DWM1001-Real-Time-Localization-System/dwm-simple/../../lib/libdwm.a(shell.o)
                0x0004a3cc                shell_set_init_print
 .text._dwm_shell_init
                0x0004a3dc       0x70 C:/Users/Chen1/Downloads/DWM1001-Real-Time-Localization-System/DWM1001-Real-Time-Localization-System/dwm-simple/../../lib/libdwm.a(shell.o)
                0x0004a3dc                _dwm_shell_init
 .text.shell_show_hidden
                0x0004a44c       0x10 C:/Users/Chen1/Downloads/DWM1001-Real-Time-Localization-System/DWM1001-Real-Time-Localization-System/dwm-simple/../../lib/libdwm.a(shell.o)
                0x0004a44c                shell_show_hidden
 .text.shell_help
                0x0004a45c       0xa8 C:/Users/Chen1/Downloads/DWM1001-Real-Time-Localization-System/DWM1001-Real-Time-Localization-System/dwm-simple/../../lib/libdwm.a(shell.o)
 .text.shell_show_hidden_enabled
                0x0004a504       0x14 C:/Users/Chen1/Downloads/DWM1001-Real-Time-Localization-System/DWM1001-Real-Time-Localization-System/dwm-simple/../../lib/libdwm.a(shell.o)
                0x0004a504                shell_show_hidden_enabled
 .text.shell_is_compiled
                0x0004a518        0xc C:/Users/Chen1/Downloads/DWM1001-Real-Time-Localization-System/DWM1001-Real-Time-Localization-System/dwm-simple/../../lib/libdwm.a(shell.o)
                0x0004a518                shell_is_compiled
 .text.shell_compile
                0x0004a524       0xe0 C:/Users/Chen1/Downloads/DWM1001-Real-Time-Localization-System/DWM1001-Real-Time-Localization-System/dwm-simple/../../lib/libdwm.a(shell.o)
                0x0004a524                shell_compile
 .text.cmd_twi  0x0004a604       0xc4 C:/Users/Chen1/Downloads/DWM1001-Real-Time-Localization-System/DWM1001-Real-Time-Localization-System/dwm-simple/../../lib/libdwm.a(shell-sens.o)
                0x0004a604                cmd_twi
 .text.cmd_stnry_cfg_get
                0x0004a6c8       0x2c C:/Users/Chen1/Downloads/DWM1001-Real-Time-Localization-System/DWM1001-Real-Time-Localization-System/dwm-simple/../../lib/libdwm.a(shell-sens.o)
                0x0004a6c8                cmd_stnry_cfg_get
 .text.cmd_acc_xyz
                0x0004a6f4       0x48 C:/Users/Chen1/Downloads/DWM1001-Real-Time-Localization-System/DWM1001-Real-Time-Localization-System/dwm-simple/../../lib/libdwm.a(shell-sens.o)
 .text.cmd_acc_id
                0x0004a73c       0x24 C:/Users/Chen1/Downloads/DWM1001-Real-Time-Localization-System/DWM1001-Real-Time-Localization-System/dwm-simple/../../lib/libdwm.a(shell-sens.o)
 .text.cmd_stnry_cfg_set
                0x0004a760       0x60 C:/Users/Chen1/Downloads/DWM1001-Real-Time-Localization-System/DWM1001-Real-Time-Localization-System/dwm-simple/../../lib/libdwm.a(shell-sens.o)
                0x0004a760                cmd_stnry_cfg_set
 .text.NVIC_SystemReset
                0x0004a7c0       0x24 C:/Users/Chen1/Downloads/DWM1001-Real-Time-Localization-System/DWM1001-Real-Time-Localization-System/dwm-simple/../../lib/libdwm.a(shell-sys.o)
 .text.cmd_reset
                0x0004a7e4        0x6 C:/Users/Chen1/Downloads/DWM1001-Real-Time-Localization-System/DWM1001-Real-Time-Localization-System/dwm-simple/../../lib/libdwm.a(shell-sys.o)
                0x0004a7e4                cmd_reset
 .text.cmd_free
                0x0004a7ea        0x4 C:/Users/Chen1/Downloads/DWM1001-Real-Time-Localization-System/DWM1001-Real-Time-Localization-System/dwm-simple/../../lib/libdwm.a(shell-sys.o)
                0x0004a7ea                cmd_free
 .text.cmd_ps   0x0004a7ee        0x4 C:/Users/Chen1/Downloads/DWM1001-Real-Time-Localization-System/DWM1001-Real-Time-Localization-System/dwm-simple/../../lib/libdwm.a(shell-sys.o)
                0x0004a7ee                cmd_ps
 .text.cmd_pm_show
                0x0004a7f2        0x4 C:/Users/Chen1/Downloads/DWM1001-Real-Time-Localization-System/DWM1001-Real-Time-Localization-System/dwm-simple/../../lib/libdwm.a(shell-sys.o)
                0x0004a7f2                cmd_pm_show
 .text.cmd_uptime
                0x0004a7f6        0x4 C:/Users/Chen1/Downloads/DWM1001-Real-Time-Localization-System/DWM1001-Real-Time-Localization-System/dwm-simple/../../lib/libdwm.a(shell-sys.o)
                0x0004a7f6                cmd_uptime
 *fill*         0x0004a7fa        0x2 
 .text.cmd_boot_addr_toggle
                0x0004a7fc       0x38 C:/Users/Chen1/Downloads/DWM1001-Real-Time-Localization-System/DWM1001-Real-Time-Localization-System/dwm-simple/../../lib/libdwm.a(shell-sys.o)
                0x0004a7fc                cmd_boot_addr_toggle
 .text.cmd_shutdown_uwb
                0x0004a834       0x54 C:/Users/Chen1/Downloads/DWM1001-Real-Time-Localization-System/DWM1001-Real-Time-Localization-System/dwm-simple/../../lib/libdwm.a(shell-sys.o)
                0x0004a834                cmd_shutdown_uwb
 .text.cmd_shutdown_ble
                0x0004a888        0xe C:/Users/Chen1/Downloads/DWM1001-Real-Time-Localization-System/DWM1001-Real-Time-Localization-System/dwm-simple/../../lib/libdwm.a(shell-sys.o)
                0x0004a888                cmd_shutdown_ble
 *fill*         0x0004a896        0x2 
 .text.cmd_shutdown_misc
                0x0004a898       0x50 C:/Users/Chen1/Downloads/DWM1001-Real-Time-Localization-System/DWM1001-Real-Time-Localization-System/dwm-simple/../../lib/libdwm.a(shell-sys.o)
                0x0004a898                cmd_shutdown_misc
 .text.cmd_shutdown_all
                0x0004a8e8        0xe C:/Users/Chen1/Downloads/DWM1001-Real-Time-Localization-System/DWM1001-Real-Time-Localization-System/dwm-simple/../../lib/libdwm.a(shell-sys.o)
                0x0004a8e8                cmd_shutdown_all